Archive member included to satisfy reference by file (symbol)

c:/ac6/systemworkbench/plugins/fr.ac6.mcu.externaltools.arm-none.win32_1.15.0.201708311556/tools/compiler/bin/../lib/gcc/arm-none-eabi/6.3.1/thumb/v7e-m/fpv4-sp/hard\libgcc.a(_arm_addsubdf3.o)
                              Src/main.o (__aeabi_dsub)
c:/ac6/systemworkbench/plugins/fr.ac6.mcu.externaltools.arm-none.win32_1.15.0.201708311556/tools/compiler/bin/../lib/gcc/arm-none-eabi/6.3.1/thumb/v7e-m/fpv4-sp/hard\libgcc.a(_arm_muldivdf3.o)
                              Src/main.o (__aeabi_dmul)
c:/ac6/systemworkbench/plugins/fr.ac6.mcu.externaltools.arm-none.win32_1.15.0.201708311556/tools/compiler/bin/../lib/gcc/arm-none-eabi/6.3.1/thumb/v7e-m/fpv4-sp/hard\libgcc.a(_arm_truncdfsf2.o)
                              Src/main.o (__aeabi_d2f)
c:/ac6/systemworkbench/plugins/fr.ac6.mcu.externaltools.arm-none.win32_1.15.0.201708311556/tools/compiler/bin/../lib/gcc/arm-none-eabi/6.3.1/../../../../arm-none-eabi/lib/thumb/v7e-m/fpv4-sp/hard\libc_nano.a(lib_a-exit.o)
                              c:/ac6/systemworkbench/plugins/fr.ac6.mcu.externaltools.arm-none.win32_1.15.0.201708311556/tools/compiler/bin/../lib/gcc/arm-none-eabi/6.3.1/../../../../arm-none-eabi/lib/thumb/v7e-m/fpv4-sp/hard/crt0.o (exit)
c:/ac6/systemworkbench/plugins/fr.ac6.mcu.externaltools.arm-none.win32_1.15.0.201708311556/tools/compiler/bin/../lib/gcc/arm-none-eabi/6.3.1/../../../../arm-none-eabi/lib/thumb/v7e-m/fpv4-sp/hard\libc_nano.a(lib_a-impure.o)
                              c:/ac6/systemworkbench/plugins/fr.ac6.mcu.externaltools.arm-none.win32_1.15.0.201708311556/tools/compiler/bin/../lib/gcc/arm-none-eabi/6.3.1/../../../../arm-none-eabi/lib/thumb/v7e-m/fpv4-sp/hard\libc_nano.a(lib_a-exit.o) (_global_impure_ptr)
c:/ac6/systemworkbench/plugins/fr.ac6.mcu.externaltools.arm-none.win32_1.15.0.201708311556/tools/compiler/bin/../lib/gcc/arm-none-eabi/6.3.1/../../../../arm-none-eabi/lib/thumb/v7e-m/fpv4-sp/hard\libc_nano.a(lib_a-init.o)
                              c:/ac6/systemworkbench/plugins/fr.ac6.mcu.externaltools.arm-none.win32_1.15.0.201708311556/tools/compiler/bin/../lib/gcc/arm-none-eabi/6.3.1/../../../../arm-none-eabi/lib/thumb/v7e-m/fpv4-sp/hard/crt0.o (__libc_init_array)
c:/ac6/systemworkbench/plugins/fr.ac6.mcu.externaltools.arm-none.win32_1.15.0.201708311556/tools/compiler/bin/../lib/gcc/arm-none-eabi/6.3.1/../../../../arm-none-eabi/lib/thumb/v7e-m/fpv4-sp/hard\libc_nano.a(lib_a-memset.o)
                              c:/ac6/systemworkbench/plugins/fr.ac6.mcu.externaltools.arm-none.win32_1.15.0.201708311556/tools/compiler/bin/../lib/gcc/arm-none-eabi/6.3.1/../../../../arm-none-eabi/lib/thumb/v7e-m/fpv4-sp/hard/crt0.o (memset)
c:/ac6/systemworkbench/plugins/fr.ac6.mcu.externaltools.arm-none.win32_1.15.0.201708311556/tools/compiler/bin/../lib/gcc/arm-none-eabi/6.3.1/../../../../arm-none-eabi/lib/thumb/v7e-m/fpv4-sp/hard\libnosys.a(_exit.o)
                              c:/ac6/systemworkbench/plugins/fr.ac6.mcu.externaltools.arm-none.win32_1.15.0.201708311556/tools/compiler/bin/../lib/gcc/arm-none-eabi/6.3.1/../../../../arm-none-eabi/lib/thumb/v7e-m/fpv4-sp/hard\libc_nano.a(lib_a-exit.o) (_exit)

Allocating common symbols
Common symbol       size              file

hUsbDeviceFS        0x224             Src/usb_device.o
g_SpaPowerStatus    0x1               Src/main.o
derivative          0x4               Src/main.o
DataLen             0x1               Src/usbd_cdc_if.o
g_cdcBuf1           0xa               Src/main.o
g_cdcBuf            0xa               Src/main.o
hcan                0x44              Src/can.o
uwTick              0x4               Drivers/STM32F3xx_HAL_Driver/Src/stm32f3xx_hal.o
pFlash              0x20              Drivers/STM32F3xx_HAL_Driver/Src/stm32f3xx_hal_flash.o
UserRxBufferFS      0x3e8             Src/usbd_cdc_if.o
pError              0x4               Src/main.o
hadc1               0x54              Src/adc.o
UserTxBufferFS      0x3e8             Src/usbd_cdc_if.o
g_sendDelay         0x2               Src/main.o
angle               0x4               Src/main.o
ADC_Potentio        0x4               Src/main.o
error               0x4               Src/main.o
g_cdcBuf2           0xa               Src/main.o
htim2               0x40              Src/tim.o
hadc4               0x54              Src/adc.o
pid_output          0x4               Src/main.o
hpcd_USB_FS         0x3a8             Src/usbd_conf.o
USBD_StrDesc        0x200             Src/usbd_desc.o
ADC_BUF             0xc               Src/main.o

Discarded input sections

 .text          0x00000000        0x0 c:/ac6/systemworkbench/plugins/fr.ac6.mcu.externaltools.arm-none.win32_1.15.0.201708311556/tools/compiler/bin/../lib/gcc/arm-none-eabi/6.3.1/thumb/v7e-m/fpv4-sp/hard/crti.o
[...]
Memory Configuration

Name             Origin             Length             Attributes
RAM              0x20000000         0x00008000         xrw
CCMRAM           0x10000000         0x00002000         rw
FLASH            0x08000000         0x00020000         xr
*default*        0x00000000         0xffffffff

Linker script and memory map

LOAD c:/ac6/systemworkbench/plugins/fr.ac6.mcu.externaltools.arm-none.win32_1.15.0.201708311556/tools/compiler/bin/../lib/gcc/arm-none-eabi/6.3.1/thumb/v7e-m/fpv4-sp/hard/crti.o
LOAD c:/ac6/systemworkbench/plugins/fr.ac6.mcu.externaltools.arm-none.win32_1.15.0.201708311556/tools/compiler/bin/../lib/gcc/arm-none-eabi/6.3.1/thumb/v7e-m/fpv4-sp/hard/crtbegin.o
LOAD c:/ac6/systemworkbench/plugins/fr.ac6.mcu.externaltools.arm-none.win32_1.15.0.201708311556/tools/compiler/bin/../lib/gcc/arm-none-eabi/6.3.1/../../../../arm-none-eabi/lib/thumb/v7e-m/fpv4-sp/hard/crt0.o
LOAD Drivers/STM32F3xx_HAL_Driver/Src/stm32f3xx_hal.o
LOAD Drivers/STM32F3xx_HAL_Driver/Src/stm32f3xx_hal_adc.o
LOAD Drivers/STM32F3xx_HAL_Driver/Src/stm32f3xx_hal_adc_ex.o
LOAD Drivers/STM32F3xx_HAL_Driver/Src/stm32f3xx_hal_can.o
LOAD Drivers/STM32F3xx_HAL_Driver/Src/stm32f3xx_hal_cortex.o
LOAD Drivers/STM32F3xx_HAL_Driver/Src/stm32f3xx_hal_dma.o
LOAD Drivers/STM32F3xx_HAL_Driver/Src/stm32f3xx_hal_flash.o
LOAD Drivers/STM32F3xx_HAL_Driver/Src/stm32f3xx_hal_flash_ex.o
LOAD Drivers/STM32F3xx_HAL_Driver/Src/stm32f3xx_hal_gpio.o
LOAD Drivers/STM32F3xx_HAL_Driver/Src/stm32f3xx_hal_i2c.o
LOAD Drivers/STM32F3xx_HAL_Driver/Src/stm32f3xx_hal_i2c_ex.o
LOAD Drivers/STM32F3xx_HAL_Driver/Src/stm32f3xx_hal_pcd.o
LOAD Drivers/STM32F3xx_HAL_Driver/Src/stm32f3xx_hal_pcd_ex.o
LOAD Drivers/STM32F3xx_HAL_Driver/Src/stm32f3xx_hal_pwr.o
LOAD Drivers/STM32F3xx_HAL_Driver/Src/stm32f3xx_hal_pwr_ex.o
LOAD Drivers/STM32F3xx_HAL_Driver/Src/stm32f3xx_hal_rcc.o
LOAD Drivers/STM32F3xx_HAL_Driver/Src/stm32f3xx_hal_rcc_ex.o
LOAD Drivers/STM32F3xx_HAL_Driver/Src/stm32f3xx_hal_tim.o
LOAD Drivers/STM32F3xx_HAL_Driver/Src/stm32f3xx_hal_tim_ex.o
LOAD Middlewares/ST/STM32_USB_Device_Library/Class/CDC/Src/usbd_cdc.o
LOAD Middlewares/ST/STM32_USB_Device_Library/Core/Src/usbd_core.o
LOAD Middlewares/ST/STM32_USB_Device_Library/Core/Src/usbd_ctlreq.o
LOAD Middlewares/ST/STM32_USB_Device_Library/Core/Src/usbd_ioreq.o
LOAD Src/adc.o
LOAD Src/can.o
LOAD Src/gpio.o
LOAD Src/main.o
LOAD Src/stm32f3xx_hal_msp.o
LOAD Src/stm32f3xx_it.o
LOAD Src/system_stm32f3xx.o
LOAD Src/tim.o
LOAD Src/usb_device.o
LOAD Src/usbd_cdc_if.o
LOAD Src/usbd_conf.o
LOAD Src/usbd_desc.o
LOAD startup/startup_stm32f303xc.o
LOAD c:/ac6/systemworkbench/plugins/fr.ac6.mcu.externaltools.arm-none.win32_1.15.0.201708311556/tools/compiler/bin/../lib/gcc/arm-none-eabi/6.3.1/../../../../arm-none-eabi/lib/thumb/v7e-m/fpv4-sp/hard\libm.a
START GROUP
LOAD c:/ac6/systemworkbench/plugins/fr.ac6.mcu.externaltools.arm-none.win32_1.15.0.201708311556/tools/compiler/bin/../lib/gcc/arm-none-eabi/6.3.1/thumb/v7e-m/fpv4-sp/hard\libgcc.a
LOAD c:/ac6/systemworkbench/plugins/fr.ac6.mcu.externaltools.arm-none.win32_1.15.0.201708311556/tools/compiler/bin/../lib/gcc/arm-none-eabi/6.3.1/../../../../arm-none-eabi/lib/thumb/v7e-m/fpv4-sp/hard\libc_nano.a
END GROUP
START GROUP
LOAD c:/ac6/systemworkbench/plugins/fr.ac6.mcu.externaltools.arm-none.win32_1.15.0.201708311556/tools/compiler/bin/../lib/gcc/arm-none-eabi/6.3.1/thumb/v7e-m/fpv4-sp/hard\libgcc.a
LOAD c:/ac6/systemworkbench/plugins/fr.ac6.mcu.externaltools.arm-none.win32_1.15.0.201708311556/tools/compiler/bin/../lib/gcc/arm-none-eabi/6.3.1/../../../../arm-none-eabi/lib/thumb/v7e-m/fpv4-sp/hard\libc_nano.a
LOAD c:/ac6/systemworkbench/plugins/fr.ac6.mcu.externaltools.arm-none.win32_1.15.0.201708311556/tools/compiler/bin/../lib/gcc/arm-none-eabi/6.3.1/../../../../arm-none-eabi/lib/thumb/v7e-m/fpv4-sp/hard\libnosys.a
END GROUP
START GROUP
LOAD c:/ac6/systemworkbench/plugins/fr.ac6.mcu.externaltools.arm-none.win32_1.15.0.201708311556/tools/compiler/bin/../lib/gcc/arm-none-eabi/6.3.1/thumb/v7e-m/fpv4-sp/hard\libgcc.a
LOAD c:/ac6/systemworkbench/plugins/fr.ac6.mcu.externaltools.arm-none.win32_1.15.0.201708311556/tools/compiler/bin/../lib/gcc/arm-none-eabi/6.3.1/../../../../arm-none-eabi/lib/thumb/v7e-m/fpv4-sp/hard\libc_nano.a
LOAD c:/ac6/systemworkbench/plugins/fr.ac6.mcu.externaltools.arm-none.win32_1.15.0.201708311556/tools/compiler/bin/../lib/gcc/arm-none-eabi/6.3.1/../../../../arm-none-eabi/lib/thumb/v7e-m/fpv4-sp/hard\libnosys.a
END GROUP
LOAD c:/ac6/systemworkbench/plugins/fr.ac6.mcu.externaltools.arm-none.win32_1.15.0.201708311556/tools/compiler/bin/../lib/gcc/arm-none-eabi/6.3.1/thumb/v7e-m/fpv4-sp/hard/crtend.o
LOAD c:/ac6/systemworkbench/plugins/fr.ac6.mcu.externaltools.arm-none.win32_1.15.0.201708311556/tools/compiler/bin/../lib/gcc/arm-none-eabi/6.3.1/thumb/v7e-m/fpv4-sp/hard/crtn.o
                0x20008000                _estack = 0x20008000
                0x00000200                _Min_Heap_Size = 0x200
                0x00000400                _Min_Stack_Size = 0x400

.isr_vector     0x08000000      0x188
                0x08000000                . = ALIGN (0x4)
 *(.isr_vector)
 .isr_vector    0x08000000      0x188 startup/startup_stm32f303xc.o
                0x08000000                g_pfnVectors
                0x08000188                . = ALIGN (0x4)

.text           0x08000188     0x4f10
                0x08000188                . = ALIGN (0x4)
 *(.text)
 .text          0x08000188       0x6c c:/ac6/systemworkbench/plugins/fr.ac6.mcu.externaltools.arm-none.win32_1.15.0.201708311556/tools/compiler/bin/../lib/gcc/arm-none-eabi/6.3.1/thumb/v7e-m/fpv4-sp/hard/crtbegin.o
 .text          0x080001f4      0x370 c:/ac6/systemworkbench/plugins/fr.ac6.mcu.externaltools.arm-none.win32_1.15.0.201708311556/tools/compiler/bin/../lib/gcc/arm-none-eabi/6.3.1/thumb/v7e-m/fpv4-sp/hard\libgcc.a(_arm_addsubdf3.o)
                0x080001f4                __aeabi_drsub
                0x080001fc                __aeabi_dsub
                0x080001fc                __subdf3
                0x08000200                __aeabi_dadd
                0x08000200                __adddf3
                0x08000478                __floatunsidf
                0x08000478                __aeabi_ui2d
                0x08000498                __floatsidf
                0x08000498                __aeabi_i2d
                0x080004bc                __aeabi_f2d
                0x080004bc                __extendsfdf2
                0x080004f8                __floatundidf
                0x080004f8                __aeabi_ul2d
                0x08000508                __floatdidf
                0x08000508                __aeabi_l2d
 .text          0x08000564      0x424 c:/ac6/systemworkbench/plugins/fr.ac6.mcu.externaltools.arm-none.win32_1.15.0.201708311556/tools/compiler/bin/../lib/gcc/arm-none-eabi/6.3.1/thumb/v7e-m/fpv4-sp/hard\libgcc.a(_arm_muldivdf3.o)
                0x08000564                __aeabi_dmul
                0x08000564                __muldf3
                0x080007b8                __divdf3
                0x080007b8                __aeabi_ddiv
 .text          0x08000988       0xa0 c:/ac6/systemworkbench/plugins/fr.ac6.mcu.externaltools.arm-none.win32_1.15.0.201708311556/tools/compiler/bin/../lib/gcc/arm-none-eabi/6.3.1/thumb/v7e-m/fpv4-sp/hard\libgcc.a(_arm_truncdfsf2.o)
                0x08000988                __truncdfsf2
                0x08000988                __aeabi_d2f
 *(.text*)
 .text.HAL_InitTick
                0x08000a28       0x44 Drivers/STM32F3xx_HAL_Driver/Src/stm32f3xx_hal.o
                0x08000a28                HAL_InitTick
 .text.HAL_Init
                0x08000a6c       0x24 Drivers/STM32F3xx_HAL_Driver/Src/stm32f3xx_hal.o
                0x08000a6c                HAL_Init
 .text.HAL_IncTick
                0x08000a90       0x18 Drivers/STM32F3xx_HAL_Driver/Src/stm32f3xx_hal.o
                0x08000a90                HAL_IncTick
 .text.HAL_GetTick
                0x08000aa8        0xc Drivers/STM32F3xx_HAL_Driver/Src/stm32f3xx_hal.o
                0x08000aa8                HAL_GetTick
 .text.ADC_Disable
                0x08000ab4       0x74 Drivers/STM32F3xx_HAL_Driver/Src/stm32f3xx_hal_adc_ex.o
 .text.ADC_Enable
                0x08000b28       0x74 Drivers/STM32F3xx_HAL_Driver/Src/stm32f3xx_hal_adc_ex.o
 .text.HAL_ADC_Init
                0x08000b9c      0x290 Drivers/STM32F3xx_HAL_Driver/Src/stm32f3xx_hal_adc_ex.o
                0x08000b9c                HAL_ADC_Init
 .text.HAL_ADC_Start
                0x08000e2c      0x140 Drivers/STM32F3xx_HAL_Driver/Src/stm32f3xx_hal_adc_ex.o
                0x08000e2c                HAL_ADC_Start
 .text.HAL_ADC_PollForConversion
                0x08000f6c      0x138 Drivers/STM32F3xx_HAL_Driver/Src/stm32f3xx_hal_adc_ex.o
                0x08000f6c                HAL_ADC_PollForConversion
 .text.HAL_ADC_GetValue
                0x080010a4        0x8 Drivers/STM32F3xx_HAL_Driver/Src/stm32f3xx_hal_adc_ex.o
                0x080010a4                HAL_ADC_GetValue
 .text.HAL_ADC_ConfigChannel
                0x080010ac      0x374 Drivers/STM32F3xx_HAL_Driver/Src/stm32f3xx_hal_adc_ex.o
                0x080010ac                HAL_ADC_ConfigChannel
 .text.HAL_ADCEx_MultiModeConfigChannel
                0x08001420      0x114 Drivers/STM32F3xx_HAL_Driver/Src/stm32f3xx_hal_adc_ex.o
                0x08001420                HAL_ADCEx_MultiModeConfigChannel
 .text.HAL_CAN_ConfigFilter
                0x08001534       0xdc Drivers/STM32F3xx_HAL_Driver/Src/stm32f3xx_hal_can.o
                0x08001534                HAL_CAN_ConfigFilter
 .text.HAL_CAN_Init
                0x08001610      0x13c Drivers/STM32F3xx_HAL_Driver/Src/stm32f3xx_hal_can.o
                0x08001610                HAL_CAN_Init
 .text.HAL_CAN_Receive
                0x0800174c      0x214 Drivers/STM32F3xx_HAL_Driver/Src/stm32f3xx_hal_can.o
                0x0800174c                HAL_CAN_Receive
 .text.HAL_NVIC_SetPriorityGrouping
                0x08001960       0x24 Drivers/STM32F3xx_HAL_Driver/Src/stm32f3xx_hal_cortex.o
                0x08001960                HAL_NVIC_SetPriorityGrouping
 .text.HAL_NVIC_SetPriority
                0x08001984       0x6c Drivers/STM32F3xx_HAL_Driver/Src/stm32f3xx_hal_cortex.o
                0x08001984                HAL_NVIC_SetPriority
 .text.HAL_NVIC_EnableIRQ
                0x080019f0       0x18 Drivers/STM32F3xx_HAL_Driver/Src/stm32f3xx_hal_cortex.o
                0x080019f0                HAL_NVIC_EnableIRQ
 .text.HAL_SYSTICK_Config
                0x08001a08       0x34 Drivers/STM32F3xx_HAL_Driver/Src/stm32f3xx_hal_cortex.o
                0x08001a08                HAL_SYSTICK_Config
 .text.HAL_SYSTICK_CLKSourceConfig
                0x08001a3c       0x18 Drivers/STM32F3xx_HAL_Driver/Src/stm32f3xx_hal_cortex.o
                0x08001a3c                HAL_SYSTICK_CLKSourceConfig
 .text.HAL_SYSTICK_Callback
                0x08001a54        0x4 Drivers/STM32F3xx_HAL_Driver/Src/stm32f3xx_hal_cortex.o
                0x08001a54                HAL_SYSTICK_Callback
 .text.HAL_SYSTICK_IRQHandler
                0x08001a58        0x8 Drivers/STM32F3xx_HAL_Driver/Src/stm32f3xx_hal_cortex.o
                0x08001a58                HAL_SYSTICK_IRQHandler
 .text.HAL_GPIO_Init
                0x08001a60      0x1dc Drivers/STM32F3xx_HAL_Driver/Src/stm32f3xx_hal_gpio.o
                0x08001a60                HAL_GPIO_Init
 .text.HAL_GPIO_WritePin
                0x08001c3c        0xc Drivers/STM32F3xx_HAL_Driver/Src/stm32f3xx_hal_gpio.o
                0x08001c3c                HAL_GPIO_WritePin
 .text.HAL_PCD_Init
                0x08001c48       0xa4 Drivers/STM32F3xx_HAL_Driver/Src/stm32f3xx_hal_pcd.o
                0x08001c48                HAL_PCD_Init
 .text.HAL_PCD_Start
                0x08001cec        0xc Drivers/STM32F3xx_HAL_Driver/Src/stm32f3xx_hal_pcd.o
                0x08001cec                HAL_PCD_Start
 .text.HAL_PCD_SetAddress
                0x08001cf8       0x34 Drivers/STM32F3xx_HAL_Driver/Src/stm32f3xx_hal_pcd.o
                0x08001cf8                HAL_PCD_SetAddress
 .text.HAL_PCD_EP_Open
                0x08001d2c      0x380 Drivers/STM32F3xx_HAL_Driver/Src/stm32f3xx_hal_pcd.o
                0x08001d2c                HAL_PCD_EP_Open
 .text.HAL_PCD_EP_Close
                0x080020ac      0x1ec Drivers/STM32F3xx_HAL_Driver/Src/stm32f3xx_hal_pcd.o
                0x080020ac                HAL_PCD_EP_Close
 .text.HAL_PCD_EP_Receive
                0x08002298       0xf0 Drivers/STM32F3xx_HAL_Driver/Src/stm32f3xx_hal_pcd.o
                0x08002298                HAL_PCD_EP_Receive
 .text.HAL_PCD_EP_GetRxCount
                0x08002388       0x14 Drivers/STM32F3xx_HAL_Driver/Src/stm32f3xx_hal_pcd.o
                0x08002388                HAL_PCD_EP_GetRxCount
 .text.HAL_PCD_EP_Transmit
                0x0800239c      0x110 Drivers/STM32F3xx_HAL_Driver/Src/stm32f3xx_hal_pcd.o
                0x0800239c                HAL_PCD_EP_Transmit
 .text.HAL_PCD_IRQHandler
                0x080024ac      0x4ec Drivers/STM32F3xx_HAL_Driver/Src/stm32f3xx_hal_pcd.o
                0x080024ac                HAL_PCD_IRQHandler
 .text.HAL_PCD_EP_SetStall
                0x08002998       0xcc Drivers/STM32F3xx_HAL_Driver/Src/stm32f3xx_hal_pcd.o
                0x08002998                HAL_PCD_EP_SetStall
 .text.HAL_PCD_EP_ClrStall
                0x08002a64       0xdc Drivers/STM32F3xx_HAL_Driver/Src/stm32f3xx_hal_pcd.o
                0x08002a64                HAL_PCD_EP_ClrStall
 .text.HAL_PCDEx_PMAConfig
                0x08002b40       0x3c Drivers/STM32F3xx_HAL_Driver/Src/stm32f3xx_hal_pcd_ex.o
                0x08002b40                HAL_PCDEx_PMAConfig
 .text.PCD_WritePMA
                0x08002b7c       0x28 Drivers/STM32F3xx_HAL_Driver/Src/stm32f3xx_hal_pcd_ex.o
                0x08002b7c                PCD_WritePMA
 .text.PCD_ReadPMA
                0x08002ba4       0x44 Drivers/STM32F3xx_HAL_Driver/Src/stm32f3xx_hal_pcd_ex.o
                0x08002ba4                PCD_ReadPMA
 .text.HAL_RCC_OscConfig
                0x08002be8      0x59c Drivers/STM32F3xx_HAL_Driver/Src/stm32f3xx_hal_rcc.o
                0x08002be8                HAL_RCC_OscConfig
 .text.HAL_RCC_GetSysClockFreq
                0x08003184       0x6c Drivers/STM32F3xx_HAL_Driver/Src/stm32f3xx_hal_rcc.o
                0x08003184                HAL_RCC_GetSysClockFreq
 .text.HAL_RCC_ClockConfig
                0x080031f0      0x190 Drivers/STM32F3xx_HAL_Driver/Src/stm32f3xx_hal_rcc.o
                0x080031f0                HAL_RCC_ClockConfig
 .text.HAL_RCC_GetHCLKFreq
                0x08003380        0xc Drivers/STM32F3xx_HAL_Driver/Src/stm32f3xx_hal_rcc.o
                0x08003380                HAL_RCC_GetHCLKFreq
 .text.HAL_RCCEx_PeriphCLKConfig
                0x0800338c      0x224 Drivers/STM32F3xx_HAL_Driver/Src/stm32f3xx_hal_rcc_ex.o
                0x0800338c                HAL_RCCEx_PeriphCLKConfig
 .text.HAL_TIM_PWM_Start
                0x080035b0       0x60 Drivers/STM32F3xx_HAL_Driver/Src/stm32f3xx_hal_tim.o
                0x080035b0                HAL_TIM_PWM_Start
 .text.TIM_Base_SetConfig
                0x08003610      0x104 Drivers/STM32F3xx_HAL_Driver/Src/stm32f3xx_hal_tim.o
                0x08003610                TIM_Base_SetConfig
 .text.HAL_TIM_PWM_Init
                0x08003714       0x38 Drivers/STM32F3xx_HAL_Driver/Src/stm32f3xx_hal_tim.o
                0x08003714                HAL_TIM_PWM_Init
 .text.TIM_OC1_SetConfig
                0x0800374c       0x7c Drivers/STM32F3xx_HAL_Driver/Src/stm32f3xx_hal_tim.o
                0x0800374c                TIM_OC1_SetConfig
 .text.TIM_OC2_SetConfig
                0x080037c8       0x80 Drivers/STM32F3xx_HAL_Driver/Src/stm32f3xx_hal_tim.o
                0x080037c8                TIM_OC2_SetConfig
 .text.TIM_OC3_SetConfig
                0x08003848       0x80 Drivers/STM32F3xx_HAL_Driver/Src/stm32f3xx_hal_tim.o
                0x08003848                TIM_OC3_SetConfig
 .text.TIM_OC4_SetConfig
                0x080038c8       0x6c Drivers/STM32F3xx_HAL_Driver/Src/stm32f3xx_hal_tim.o
                0x080038c8                TIM_OC4_SetConfig
 .text.TIM_OC5_SetConfig
                0x08003934       0x6c Drivers/STM32F3xx_HAL_Driver/Src/stm32f3xx_hal_tim_ex.o
 .text.TIM_OC6_SetConfig
                0x080039a0       0x6c Drivers/STM32F3xx_HAL_Driver/Src/stm32f3xx_hal_tim_ex.o
 .text.HAL_TIM_PWM_ConfigChannel
                0x08003a0c      0x128 Drivers/STM32F3xx_HAL_Driver/Src/stm32f3xx_hal_tim_ex.o
                0x08003a0c                HAL_TIM_PWM_ConfigChannel
 .text.HAL_TIMEx_MasterConfigSynchronization
                0x08003b34       0x54 Drivers/STM32F3xx_HAL_Driver/Src/stm32f3xx_hal_tim_ex.o
                0x08003b34                HAL_TIMEx_MasterConfigSynchronization
 .text.USBD_CDC_DataIn
                0x08003b88       0x14 Middlewares/ST/STM32_USB_Device_Library/Class/CDC/Src/usbd_cdc.o
 .text.USBD_CDC_EP0_RxReady
                0x08003b9c       0x28 Middlewares/ST/STM32_USB_Device_Library/Class/CDC/Src/usbd_cdc.o
 .text.USBD_CDC_GetFSCfgDesc
                0x08003bc4        0xc Middlewares/ST/STM32_USB_Device_Library/Class/CDC/Src/usbd_cdc.o
 .text.USBD_CDC_GetHSCfgDesc
                0x08003bd0        0xc Middlewares/ST/STM32_USB_Device_Library/Class/CDC/Src/usbd_cdc.o
 .text.USBD_CDC_GetOtherSpeedCfgDesc
                0x08003bdc        0xc Middlewares/ST/STM32_USB_Device_Library/Class/CDC/Src/usbd_cdc.o
 .text.USBD_CDC_GetDeviceQualifierDescriptor
                0x08003be8        0xc Middlewares/ST/STM32_USB_Device_Library/Class/CDC/Src/usbd_cdc.o
                0x08003be8                USBD_CDC_GetDeviceQualifierDescriptor
 .text.USBD_CDC_DataOut
                0x08003bf4       0x30 Middlewares/ST/STM32_USB_Device_Library/Class/CDC/Src/usbd_cdc.o
 .text.USBD_CDC_Setup
                0x08003c24       0x6c Middlewares/ST/STM32_USB_Device_Library/Class/CDC/Src/usbd_cdc.o
 .text.USBD_CDC_DeInit
                0x08003c90       0x3c Middlewares/ST/STM32_USB_Device_Library/Class/CDC/Src/usbd_cdc.o
 .text.USBD_CDC_Init
                0x08003ccc       0x90 Middlewares/ST/STM32_USB_Device_Library/Class/CDC/Src/usbd_cdc.o
 .text.USBD_CDC_RegisterInterface
                0x08003d5c       0x10 Middlewares/ST/STM32_USB_Device_Library/Class/CDC/Src/usbd_cdc.o
                0x08003d5c                USBD_CDC_RegisterInterface
 .text.USBD_CDC_SetTxBuffer
                0x08003d6c       0x10 Middlewares/ST/STM32_USB_Device_Library/Class/CDC/Src/usbd_cdc.o
                0x08003d6c                USBD_CDC_SetTxBuffer
 .text.USBD_CDC_SetRxBuffer
                0x08003d7c        0xc Middlewares/ST/STM32_USB_Device_Library/Class/CDC/Src/usbd_cdc.o
                0x08003d7c                USBD_CDC_SetRxBuffer
 .text.USBD_CDC_ReceivePacket
                0x08003d88       0x30 Middlewares/ST/STM32_USB_Device_Library/Class/CDC/Src/usbd_cdc.o
                0x08003d88                USBD_CDC_ReceivePacket
 .text.USBD_Init
                0x08003db8       0x2c Middlewares/ST/STM32_USB_Device_Library/Core/Src/usbd_core.o
                0x08003db8                USBD_Init
 .text.USBD_RegisterClass
                0x08003de4       0x10 Middlewares/ST/STM32_USB_Device_Library/Core/Src/usbd_core.o
                0x08003de4                USBD_RegisterClass
 .text.USBD_Start
                0x08003df4        0xc Middlewares/ST/STM32_USB_Device_Library/Core/Src/usbd_core.o
                0x08003df4                USBD_Start
 .text.USBD_SetClassConfig
                0x08003e00       0x14 Middlewares/ST/STM32_USB_Device_Library/Core/Src/usbd_core.o
                0x08003e00                USBD_SetClassConfig
 .text.USBD_ClrClassConfig
                0x08003e14       0x10 Middlewares/ST/STM32_USB_Device_Library/Core/Src/usbd_core.o
                0x08003e14                USBD_ClrClassConfig
 .text.USBD_LL_SetupStage
                0x08003e24       0x60 Middlewares/ST/STM32_USB_Device_Library/Core/Src/usbd_core.o
                0x08003e24                USBD_LL_SetupStage
 .text.USBD_LL_DataOutStage
                0x08003e84       0x6c Middlewares/ST/STM32_USB_Device_Library/Core/Src/usbd_core.o
                0x08003e84                USBD_LL_DataOutStage
 .text.USBD_LL_DataInStage
                0x08003ef0       0xa4 Middlewares/ST/STM32_USB_Device_Library/Core/Src/usbd_core.o
                0x08003ef0                USBD_LL_DataInStage
 .text.USBD_LL_Reset
                0x08003f94       0x40 Middlewares/ST/STM32_USB_Device_Library/Core/Src/usbd_core.o
                0x08003f94                USBD_LL_Reset
 .text.USBD_LL_SetSpeed
                0x08003fd4        0x8 Middlewares/ST/STM32_USB_Device_Library/Core/Src/usbd_core.o
                0x08003fd4                USBD_LL_SetSpeed
 .text.USBD_LL_Suspend
                0x08003fdc       0x14 Middlewares/ST/STM32_USB_Device_Library/Core/Src/usbd_core.o
                0x08003fdc                USBD_LL_Suspend
 .text.USBD_LL_Resume
                0x08003ff0       0x10 Middlewares/ST/STM32_USB_Device_Library/Core/Src/usbd_core.o
                0x08003ff0                USBD_LL_Resume
 .text.USBD_LL_SOF
                0x08004000       0x1c Middlewares/ST/STM32_USB_Device_Library/Core/Src/usbd_core.o
                0x08004000                USBD_LL_SOF
 .text.USBD_StdDevReq
                0x0800401c      0x2a0 Middlewares/ST/STM32_USB_Device_Library/Core/Src/usbd_ctlreq.o
                0x0800401c                USBD_StdDevReq
 .text.USBD_StdItfReq
                0x080042bc       0x3c Middlewares/ST/STM32_USB_Device_Library/Core/Src/usbd_ctlreq.o
                0x080042bc                USBD_StdItfReq
 .text.USBD_StdEPReq
                0x080042f8       0xd0 Middlewares/ST/STM32_USB_Device_Library/Core/Src/usbd_ctlreq.o
                0x080042f8                USBD_StdEPReq
 .text.USBD_ParseSetupRequest
                0x080043c8       0x28 Middlewares/ST/STM32_USB_Device_Library/Core/Src/usbd_ctlreq.o
                0x080043c8                USBD_ParseSetupRequest
 .text.USBD_GetString
                0x080043f0       0x4c Middlewares/ST/STM32_USB_Device_Library/Core/Src/usbd_ctlreq.o
                0x080043f0                USBD_GetString
 .text.USBD_CtlSendData
                0x0800443c       0x1c Middlewares/ST/STM32_USB_Device_Library/Core/Src/usbd_ioreq.o
                0x0800443c                USBD_CtlSendData
 .text.USBD_CtlContinueSendData
                0x08004458       0x10 Middlewares/ST/STM32_USB_Device_Library/Core/Src/usbd_ioreq.o
                0x08004458                USBD_CtlContinueSendData
 .text.USBD_CtlPrepareRx
                0x08004468       0x20 Middlewares/ST/STM32_USB_Device_Library/Core/Src/usbd_ioreq.o
                0x08004468                USBD_CtlPrepareRx
 .text.USBD_CtlContinueRx
                0x08004488       0x10 Middlewares/ST/STM32_USB_Device_Library/Core/Src/usbd_ioreq.o
                0x08004488                USBD_CtlContinueRx
 .text.USBD_CtlSendStatus
                0x08004498       0x18 Middlewares/ST/STM32_USB_Device_Library/Core/Src/usbd_ioreq.o
                0x08004498                USBD_CtlSendStatus
 .text.USBD_CtlReceiveStatus
                0x080044b0       0x18 Middlewares/ST/STM32_USB_Device_Library/Core/Src/usbd_ioreq.o
                0x080044b0                USBD_CtlReceiveStatus
 .text.MX_ADC1_Init
                0x080044c8       0x8c Src/adc.o
                0x080044c8                MX_ADC1_Init
 .text.MX_ADC4_Init
                0x08004554       0x70 Src/adc.o
                0x08004554                MX_ADC4_Init
 .text.HAL_ADC_MspInit
                0x080045c4       0x80 Src/adc.o
                0x080045c4                HAL_ADC_MspInit
 .text.MX_CAN_Init
                0x08004644       0x88 Src/can.o
                0x08004644                MX_CAN_Init
 .text.HAL_CAN_MspInit
                0x080046cc       0x50 Src/can.o
                0x080046cc                HAL_CAN_MspInit
 .text.MX_GPIO_Init
                0x0800471c       0x8c Src/gpio.o
                0x0800471c                MX_GPIO_Init
 .text.SystemClock_Config
                0x080047a8       0x80 Src/main.o
                0x080047a8                SystemClock_Config
 .text.startup.main
                0x08004828      0x1dc Src/main.o
                0x08004828                main
 .text._Error_Handler
                0x08004a04        0x4 Src/main.o
                0x08004a04                _Error_Handler
 .text.HAL_MspInit
                0x08004a08       0x7c Src/stm32f3xx_hal_msp.o
                0x08004a08                HAL_MspInit
 .text.NMI_Handler
                0x08004a84        0x4 Src/stm32f3xx_it.o
                0x08004a84                NMI_Handler
 .text.HardFault_Handler
                0x08004a88        0x4 Src/stm32f3xx_it.o
                0x08004a88                HardFault_Handler
 .text.MemManage_Handler
                0x08004a8c        0x4 Src/stm32f3xx_it.o
                0x08004a8c                MemManage_Handler
 .text.BusFault_Handler
                0x08004a90        0x4 Src/stm32f3xx_it.o
                0x08004a90                BusFault_Handler
 .text.UsageFault_Handler
                0x08004a94        0x4 Src/stm32f3xx_it.o
                0x08004a94                UsageFault_Handler
 .text.SVC_Handler
                0x08004a98        0x4 Src/stm32f3xx_it.o
                0x08004a98                SVC_Handler
 .text.DebugMon_Handler
                0x08004a9c        0x4 Src/stm32f3xx_it.o
                0x08004a9c                DebugMon_Handler
 .text.PendSV_Handler
                0x08004aa0        0x4 Src/stm32f3xx_it.o
                0x08004aa0                PendSV_Handler
 .text.SysTick_Handler
                0x08004aa4       0x10 Src/stm32f3xx_it.o
                0x08004aa4                SysTick_Handler
 .text.USB_LP_IRQHandler
                0x08004ab4        0xc Src/stm32f3xx_it.o
                0x08004ab4                USB_LP_IRQHandler
 .text.SystemInit
                0x08004ac0       0x70 Src/system_stm32f3xx.o
                0x08004ac0                SystemInit
 .text.HAL_TIM_MspPostInit.part.0
                0x08004b30       0x24 Src/tim.o
 .text.MX_TIM2_Init
                0x08004b54       0x90 Src/tim.o
                0x08004b54                MX_TIM2_Init
 .text.HAL_TIM_PWM_MspInit
                0x08004be4       0x28 Src/tim.o
                0x08004be4                HAL_TIM_PWM_MspInit
 .text.MX_USB_DEVICE_Init
                0x08004c0c       0x38 Src/usb_device.o
                0x08004c0c                MX_USB_DEVICE_Init
 .text.CDC_DeInit_FS
                0x08004c44        0x4 Src/usbd_cdc_if.o
 .text.CDC_Control_FS
                0x08004c48        0x4 Src/usbd_cdc_if.o
 .text.CDC_Receive_FS
                0x08004c4c       0x28 Src/usbd_cdc_if.o
 .text.CDC_Init_FS
                0x08004c74       0x28 Src/usbd_cdc_if.o
 .text.HAL_PCD_MspInit
                0x08004c9c       0x6c Src/usbd_conf.o
                0x08004c9c                HAL_PCD_MspInit
 .text.HAL_PCD_SetupStageCallback
                0x08004d08        0xc Src/usbd_conf.o
                0x08004d08                HAL_PCD_SetupStageCallback
 .text.HAL_PCD_DataOutStageCallback
                0x08004d14       0x14 Src/usbd_conf.o
                0x08004d14                HAL_PCD_DataOutStageCallback
 .text.HAL_PCD_DataInStageCallback
                0x08004d28       0x14 Src/usbd_conf.o
                0x08004d28                HAL_PCD_DataInStageCallback
 .text.HAL_PCD_SOFCallback
                0x08004d3c        0x8 Src/usbd_conf.o
                0x08004d3c                HAL_PCD_SOFCallback
 .text.HAL_PCD_ResetCallback
                0x08004d44       0x1c Src/usbd_conf.o
                0x08004d44                HAL_PCD_ResetCallback
 .text.HAL_PCD_SuspendCallback
                0x08004d60       0x20 Src/usbd_conf.o
                0x08004d60                HAL_PCD_SuspendCallback
 .text.HAL_PCD_ResumeCallback
                0x08004d80        0x8 Src/usbd_conf.o
                0x08004d80                HAL_PCD_ResumeCallback
 .text.USBD_LL_Init
                0x08004d88       0x90 Src/usbd_conf.o
                0x08004d88                USBD_LL_Init
 .text.USBD_LL_Start
                0x08004e18       0x1c Src/usbd_conf.o
                0x08004e18                USBD_LL_Start
 .text.USBD_LL_OpenEP
                0x08004e34       0x20 Src/usbd_conf.o
                0x08004e34                USBD_LL_OpenEP
 .text.USBD_LL_CloseEP
                0x08004e54       0x1c Src/usbd_conf.o
                0x08004e54                USBD_LL_CloseEP
 .text.USBD_LL_StallEP
                0x08004e70       0x1c Src/usbd_conf.o
                0x08004e70                USBD_LL_StallEP
 .text.USBD_LL_ClearStallEP
                0x08004e8c       0x1c Src/usbd_conf.o
                0x08004e8c                USBD_LL_ClearStallEP
 .text.USBD_LL_IsStallEP
                0x08004ea8       0x28 Src/usbd_conf.o
                0x08004ea8                USBD_LL_IsStallEP
 .text.USBD_LL_SetUSBAddress
                0x08004ed0       0x1c Src/usbd_conf.o
                0x08004ed0                USBD_LL_SetUSBAddress
 .text.USBD_LL_Transmit
                0x08004eec       0x1c Src/usbd_conf.o
                0x08004eec                USBD_LL_Transmit
 .text.USBD_LL_PrepareReceive
                0x08004f08       0x1c Src/usbd_conf.o
                0x08004f08                USBD_LL_PrepareReceive
 .text.USBD_LL_GetRxDataSize
                0x08004f24        0xc Src/usbd_conf.o
                0x08004f24                USBD_LL_GetRxDataSize
 .text.USBD_static_malloc
                0x08004f30        0x8 Src/usbd_conf.o
                0x08004f30                USBD_static_malloc
 .text.USBD_static_free
                0x08004f38        0x4 Src/usbd_conf.o
                0x08004f38                USBD_static_free
 .text.HAL_PCDEx_SetConnectionState
                0x08004f3c        0x4 Src/usbd_conf.o
                0x08004f3c                HAL_PCDEx_SetConnectionState
 .text.USBD_FS_DeviceDescriptor
                0x08004f40        0xc Src/usbd_desc.o
                0x08004f40                USBD_FS_DeviceDescriptor
 .text.USBD_FS_LangIDStrDescriptor
                0x08004f4c        0xc Src/usbd_desc.o
                0x08004f4c                USBD_FS_LangIDStrDescriptor
 .text.USBD_FS_ManufacturerStrDescriptor
                0x08004f58       0x1c Src/usbd_desc.o
                0x08004f58                USBD_FS_ManufacturerStrDescriptor
 .text.USBD_FS_ProductStrDescriptor
                0x08004f74       0x1c Src/usbd_desc.o
                0x08004f74                USBD_FS_ProductStrDescriptor
 .text.USBD_FS_SerialStrDescriptor
                0x08004f90       0x1c Src/usbd_desc.o
                0x08004f90                USBD_FS_SerialStrDescriptor
 .text.USBD_FS_ConfigStrDescriptor
                0x08004fac       0x1c Src/usbd_desc.o
                0x08004fac                USBD_FS_ConfigStrDescriptor
 .text.USBD_FS_InterfaceStrDescriptor
                0x08004fc8       0x1c Src/usbd_desc.o
                0x08004fc8                USBD_FS_InterfaceStrDescriptor
 .text.Reset_Handler
                0x08004fe4       0x50 startup/startup_stm32f303xc.o
                0x08004fe4                Reset_Handler
 .text.Default_Handler
                0x08005034        0x2 startup/startup_stm32f303xc.o
                0x08005034                RTC_Alarm_IRQHandler
                0x08005034                TIM8_TRG_COM_IRQHandler
                0x08005034                TIM8_CC_IRQHandler
                0x08005034                TIM1_CC_IRQHandler
                0x08005034                USB_HP_IRQHandler
                0x08005034                PVD_IRQHandler
                0x08005034                TAMP_STAMP_IRQHandler
                0x08005034                EXTI3_IRQHandler
                0x08005034                USB_HP_CAN_TX_IRQHandler
                0x08005034                EXTI0_IRQHandler
                0x08005034                I2C2_EV_IRQHandler
                0x08005034                FPU_IRQHandler
                0x08005034                TIM1_UP_TIM16_IRQHandler
                0x08005034                ADC1_2_IRQHandler
                0x08005034                SPI1_IRQHandler
                0x08005034                CAN_SCE_IRQHandler
                0x08005034                TIM6_DAC_IRQHandler
                0x08005034                TIM8_UP_IRQHandler
                0x08005034                DMA2_Channel2_IRQHandler
                0x08005034                DMA1_Channel4_IRQHandler
                0x08005034                USART3_IRQHandler
                0x08005034                DMA1_Channel7_IRQHandler
                0x08005034                UART5_IRQHandler
                0x08005034                ADC3_IRQHandler
                0x08005034                TIM4_IRQHandler
                0x08005034                CAN_RX1_IRQHandler
                0x08005034                DMA2_Channel1_IRQHandler
                0x08005034                I2C1_EV_IRQHandler
                0x08005034                DMA1_Channel6_IRQHandler
                0x08005034                UART4_IRQHandler
                0x08005034                DMA2_Channel4_IRQHandler
                0x08005034                TIM3_IRQHandler
                0x08005034                RCC_IRQHandler
                0x08005034                DMA1_Channel1_IRQHandler
                0x08005034                Default_Handler
                0x08005034                USBWakeUp_RMP_IRQHandler
                0x08005034                EXTI15_10_IRQHandler
                0x08005034                TIM7_IRQHandler
                0x08005034                EXTI9_5_IRQHandler
                0x08005034                RTC_WKUP_IRQHandler
                0x08005034                SPI2_IRQHandler
                0x08005034                USB_LP_CAN_RX0_IRQHandler
                0x08005034                DMA2_Channel5_IRQHandler
                0x08005034                DMA1_Channel5_IRQHandler
                0x08005034                EXTI4_IRQHandler
                0x08005034                TIM1_TRG_COM_TIM17_IRQHandler
                0x08005034                DMA1_Channel3_IRQHandler
                0x08005034                ADC4_IRQHandler
                0x08005034                WWDG_IRQHandler
                0x08005034                TIM2_IRQHandler
                0x08005034                COMP7_IRQHandler
                0x08005034                COMP1_2_3_IRQHandler
                0x08005034                EXTI1_IRQHandler
                0x08005034                USART2_IRQHandler
                0x08005034                COMP4_5_6_IRQHandler
                0x08005034                I2C2_ER_IRQHandler
                0x08005034                DMA1_Channel2_IRQHandler
                0x08005034                TIM8_BRK_IRQHandler
                0x08005034                FLASH_IRQHandler
                0x08005034                USART1_IRQHandler
                0x08005034                SPI3_IRQHandler
                0x08005034                I2C1_ER_IRQHandler
                0x08005034                USBWakeUp_IRQHandler
                0x08005034                DMA2_Channel3_IRQHandler
                0x08005034                EXTI2_TSC_IRQHandler
                0x08005034                TIM1_BRK_TIM15_IRQHandler
 *fill*         0x08005036        0x2 
 .text.__libc_init_array
                0x08005038       0x48 c:/ac6/systemworkbench/plugins/fr.ac6.mcu.externaltools.arm-none.win32_1.15.0.201708311556/tools/compiler/bin/../lib/gcc/arm-none-eabi/6.3.1/../../../../arm-none-eabi/lib/thumb/v7e-m/fpv4-sp/hard\libc_nano.a(lib_a-init.o)
                0x08005038                __libc_init_array
 *(.glue_7)
 .glue_7        0x08005080        0x0 linker stubs
 *(.glue_7t)
 .glue_7t       0x08005080        0x0 linker stubs
 *(.eh_frame)
 .eh_frame      0x08005080        0x0 c:/ac6/systemworkbench/plugins/fr.ac6.mcu.externaltools.arm-none.win32_1.15.0.201708311556/tools/compiler/bin/../lib/gcc/arm-none-eabi/6.3.1/thumb/v7e-m/fpv4-sp/hard/crtbegin.o
 *(.init)
 .init          0x08005080        0x4 c:/ac6/systemworkbench/plugins/fr.ac6.mcu.externaltools.arm-none.win32_1.15.0.201708311556/tools/compiler/bin/../lib/gcc/arm-none-eabi/6.3.1/thumb/v7e-m/fpv4-sp/hard/crti.o
                0x08005080                _init
 .init          0x08005084        0x8 c:/ac6/systemworkbench/plugins/fr.ac6.mcu.externaltools.arm-none.win32_1.15.0.201708311556/tools/compiler/bin/../lib/gcc/arm-none-eabi/6.3.1/thumb/v7e-m/fpv4-sp/hard/crtn.o
 *(.fini)
 .fini          0x0800508c        0x4 c:/ac6/systemworkbench/plugins/fr.ac6.mcu.externaltools.arm-none.win32_1.15.0.201708311556/tools/compiler/bin/../lib/gcc/arm-none-eabi/6.3.1/thumb/v7e-m/fpv4-sp/hard/crti.o
                0x0800508c                _fini
 .fini          0x08005090        0x8 c:/ac6/systemworkbench/plugins/fr.ac6.mcu.externaltools.arm-none.win32_1.15.0.201708311556/tools/compiler/bin/../lib/gcc/arm-none-eabi/6.3.1/thumb/v7e-m/fpv4-sp/hard/crtn.o
                0x08005098                . = ALIGN (0x4)
                0x08005098                _etext = .

.vfp11_veneer   0x08005098        0x0
 .vfp11_veneer  0x08005098        0x0 linker stubs

.v4_bx          0x08005098        0x0
 .v4_bx         0x08005098        0x0 linker stubs

.iplt           0x08005098        0x0
 .iplt          0x08005098        0x0 c:/ac6/systemworkbench/plugins/fr.ac6.mcu.externaltools.arm-none.win32_1.15.0.201708311556/tools/compiler/bin/../lib/gcc/arm-none-eabi/6.3.1/thumb/v7e-m/fpv4-sp/hard/crtbegin.o

.rodata         0x08005098       0xd8
                0x08005098                . = ALIGN (0x4)
 *(.rodata)
 .rodata        0x08005098       0x20 Drivers/STM32F3xx_HAL_Driver/Src/stm32f3xx_hal_rcc.o
                0x08005098                aPLLMULFactorTable
                0x080050a8                aPredivFactorTable
 .rodata        0x080050b8       0x18 Src/system_stm32f3xx.o
                0x080050b8                AHBPrescTable
                0x080050c8                APBPrescTable
 .rodata        0x080050d0        0x4 Src/usbd_conf.o
 *(.rodata*)
 .rodata.str1.4
                0x080050d4        0xd Src/adc.o
 *fill*         0x080050e1        0x3 
 .rodata.str1.4
                0x080050e4        0xd Src/can.o
 *fill*         0x080050f1        0x3 
 .rodata.str1.4
                0x080050f4        0xd Src/tim.o
 *fill*         0x08005101        0x3 
 .rodata.str1.4
                0x08005104       0x13 Src/usbd_conf.o
 *fill*         0x08005117        0x1 
 .rodata.str1.4
                0x08005118       0x58 Src/usbd_desc.o
                                 0x56 (size before relaxing)
                0x08005170                . = ALIGN (0x4)

.rel.dyn        0x08005170        0x0
 .rel.iplt      0x08005170        0x0 c:/ac6/systemworkbench/plugins/fr.ac6.mcu.externaltools.arm-none.win32_1.15.0.201708311556/tools/compiler/bin/../lib/gcc/arm-none-eabi/6.3.1/thumb/v7e-m/fpv4-sp/hard/crtbegin.o

.ARM.extab
 *(.ARM.extab* .gnu.linkonce.armextab.*)

.ARM            0x08005170        0x0
                0x08005170                __exidx_start = .
 *(.ARM.exidx*)
                0x08005170                __exidx_end = .

.preinit_array  0x08005170        0x0
                0x08005170                PROVIDE (__preinit_array_start, .)
 *(.preinit_array*)
                0x08005170                PROVIDE (__preinit_array_end, .)

.init_array     0x08005170        0x4
                0x08005170                PROVIDE (__init_array_start, .)
 *(SORT(.init_array.*))
 *(.init_array*)
 .init_array    0x08005170        0x4 c:/ac6/systemworkbench/plugins/fr.ac6.mcu.externaltools.arm-none.win32_1.15.0.201708311556/tools/compiler/bin/../lib/gcc/arm-none-eabi/6.3.1/thumb/v7e-m/fpv4-sp/hard/crtbegin.o
                0x08005174                PROVIDE (__init_array_end, .)

.fini_array     0x08005174        0x4
                [!provide]                PROVIDE (__fini_array_start, .)
 *(SORT(.fini_array.*))
 *(.fini_array*)
 .fini_array    0x08005174        0x4 c:/ac6/systemworkbench/plugins/fr.ac6.mcu.externaltools.arm-none.win32_1.15.0.201708311556/tools/compiler/bin/../lib/gcc/arm-none-eabi/6.3.1/thumb/v7e-m/fpv4-sp/hard/crtbegin.o
                [!provide]                PROVIDE (__fini_array_end, .)
                0x08005178                _sidata = LOADADDR (.data)

.data           0x20000000      0x160 load address 0x08005178
                0x20000000                . = ALIGN (0x4)
                0x20000000                _sdata = .
 *(.data)
 .data          0x20000000        0x8 Drivers/STM32F3xx_HAL_Driver/Src/stm32f3xx_hal.o
                0x20000000                uwTickFreq
                0x20000004                uwTickPrio
 .data          0x20000008      0x110 Middlewares/ST/STM32_USB_Device_Library/Class/CDC/Src/usbd_cdc.o
                0x20000008                USBD_CDC_CfgFSDesc
                0x2000004c                USBD_CDC_CfgHSDesc
                0x20000090                USBD_CDC_OtherSpeedCfgDesc
                0x200000e0                USBD_CDC
 .data          0x20000118        0x4 Src/system_stm32f3xx.o
                0x20000118                SystemCoreClock
 .data          0x2000011c       0x10 Src/usbd_cdc_if.o
                0x2000011c                USBD_Interface_fops_FS
 .data          0x2000012c       0x34 Src/usbd_desc.o
                0x2000012c                USBD_FS_DeviceDesc
                0x20000140                USBD_LangIDDesc
                0x20000144                FS_Desc
 *(.data*)
                0x20000160                . = ALIGN (0x4)
                0x20000160                _edata = .
                0x080052d8                _siccmram = LOADADDR (.ccmram)

.jcr            0x20000160        0x0 load address 0x080052d8
 .jcr           0x20000160        0x0 c:/ac6/systemworkbench/plugins/fr.ac6.mcu.externaltools.arm-none.win32_1.15.0.201708311556/tools/compiler/bin/../lib/gcc/arm-none-eabi/6.3.1/thumb/v7e-m/fpv4-sp/hard/crtbegin.o

.igot.plt       0x20000160        0x0 load address 0x080052d8
 .igot.plt      0x20000160        0x0 c:/ac6/systemworkbench/plugins/fr.ac6.mcu.externaltools.arm-none.win32_1.15.0.201708311556/tools/compiler/bin/../lib/gcc/arm-none-eabi/6.3.1/thumb/v7e-m/fpv4-sp/hard/crtbegin.o

.ccmram         0x10000000        0x0 load address 0x080052d8
                0x10000000                . = ALIGN (0x4)
                0x10000000                _sccmram = .
 *(.ccmram)
 *(.ccmram*)
                0x10000000                . = ALIGN (0x4)
                0x10000000                _eccmram = .
                0x10000000                . = ALIGN (0x4)

.bss            0x20000160     0x13a0
                0x20000160                _sbss = .
                0x20000160                __bss_start__ = _sbss
 *(.bss)
 .bss           0x20000160       0x1c c:/ac6/systemworkbench/plugins/fr.ac6.mcu.externaltools.arm-none.win32_1.15.0.201708311556/tools/compiler/bin/../lib/gcc/arm-none-eabi/6.3.1/thumb/v7e-m/fpv4-sp/hard/crtbegin.o
 .bss           0x2000017c        0x1 Middlewares/ST/STM32_USB_Device_Library/Class/CDC/Src/usbd_cdc.o
 .bss           0x2000017d        0x1 Middlewares/ST/STM32_USB_Device_Library/Core/Src/usbd_ctlreq.o
 *fill*         0x2000017e        0x2 
 .bss           0x20000180       0x40 Src/can.o
 .bss           0x200001c0      0x220 Src/usbd_conf.o
 *(.bss*)
 *(COMMON)
 COMMON         0x200003e0        0x4 Drivers/STM32F3xx_HAL_Driver/Src/stm32f3xx_hal.o
                0x200003e0                uwTick
 COMMON         0x200003e4       0xa8 Src/adc.o
                0x200003e4                hadc1
                0x20000438                hadc4
 COMMON         0x2000048c       0x44 Src/can.o
                0x2000048c                hcan
 COMMON         0x200004d0       0x50 Src/main.o
                0x200004d0                g_SpaPowerStatus
                0x200004d4                derivative
                0x200004d8                g_cdcBuf1
                0x200004e4                g_cdcBuf
                0x200004f0                pError
                0x200004f4                g_sendDelay
                0x200004f8                angle
                0x200004fc                ADC_Potentio
                0x20000500                error
                0x20000504                g_cdcBuf2
                0x20000510                pid_output
                0x20000514                ADC_BUF
 COMMON         0x20000520       0x40 Src/tim.o
                0x20000520                htim2
 COMMON         0x20000560      0x224 Src/usb_device.o
                0x20000560                hUsbDeviceFS
 COMMON         0x20000784      0x7d4 Src/usbd_cdc_if.o
                0x20000784                DataLen
                0x20000788                UserRxBufferFS
                0x20000b70                UserTxBufferFS
 COMMON         0x20000f58      0x3a8 Src/usbd_conf.o
                0x20000f58                hpcd_USB_FS
 COMMON         0x20001300      0x200 Src/usbd_desc.o
                0x20001300                USBD_StrDesc
                0x20001500                . = ALIGN (0x4)
                0x20001500                _ebss = .
                0x20001500                __bss_end__ = _ebss

._user_heap_stack
                0x20001500      0x600
                0x20001500                . = ALIGN (0x8)
                [!provide]                PROVIDE (end, .)
                [!provide]                PROVIDE (_end, .)
                0x20001700                . = (. + _Min_Heap_Size)
 *fill*         0x20001500      0x200 
                0x20001b00                . = (. + _Min_Stack_Size)
 *fill*         0x20001700      0x400 
                0x20001b00                . = ALIGN (0x8)

/DISCARD/
 libc.a(*)
 libm.a(*)
 libgcc.a(*)

.ARM.attributes
                0x00000000       0x30
 *(.ARM.attributes)
 .ARM.attributes
                0x00000000       0x22 c:/ac6/systemworkbench/plugins/fr.ac6.mcu.externaltools.arm-none.win32_1.15.0.201708311556/tools/compiler/bin/../lib/gcc/arm-none-eabi/6.3.1/thumb/v7e-m/fpv4-sp/hard/crti.o
 .ARM.attributes
                0x00000022       0x34 c:/ac6/systemworkbench/plugins/fr.ac6.mcu.externaltools.arm-none.win32_1.15.0.201708311556/tools/compiler/bin/../lib/gcc/arm-none-eabi/6.3.1/thumb/v7e-m/fpv4-sp/hard/crtbegin.o
 .ARM.attributes
                0x00000056       0x39 Drivers/STM32F3xx_HAL_Driver/Src/stm32f3xx_hal.o
 .ARM.attributes
                0x0000008f       0x39 Drivers/STM32F3xx_HAL_Driver/Src/stm32f3xx_hal_adc_ex.o
 .ARM.attributes
                0x000000c8       0x39 Drivers/STM32F3xx_HAL_Driver/Src/stm32f3xx_hal_can.o
 .ARM.attributes
                0x00000101       0x39 Drivers/STM32F3xx_HAL_Driver/Src/stm32f3xx_hal_cortex.o
 .ARM.attributes
                0x0000013a       0x39 Drivers/STM32F3xx_HAL_Driver/Src/stm32f3xx_hal_gpio.o
 .ARM.attributes
                0x00000173       0x39 Drivers/STM32F3xx_HAL_Driver/Src/stm32f3xx_hal_pcd.o
 .ARM.attributes
                0x000001ac       0x39 Drivers/STM32F3xx_HAL_Driver/Src/stm32f3xx_hal_pcd_ex.o
 .ARM.attributes
                0x000001e5       0x39 Drivers/STM32F3xx_HAL_Driver/Src/stm32f3xx_hal_rcc.o
 .ARM.attributes
                0x0000021e       0x39 Drivers/STM32F3xx_HAL_Driver/Src/stm32f3xx_hal_rcc_ex.o
 .ARM.attributes
                0x00000257       0x39 Drivers/STM32F3xx_HAL_Driver/Src/stm32f3xx_hal_tim.o
 .ARM.attributes
                0x00000290       0x39 Drivers/STM32F3xx_HAL_Driver/Src/stm32f3xx_hal_tim_ex.o
 .ARM.attributes
                0x000002c9       0x39 Middlewares/ST/STM32_USB_Device_Library/Class/CDC/Src/usbd_cdc.o
 .ARM.attributes
                0x00000302       0x39 Middlewares/ST/STM32_USB_Device_Library/Core/Src/usbd_core.o
 .ARM.attributes
                0x0000033b       0x39 Middlewares/ST/STM32_USB_Device_Library/Core/Src/usbd_ctlreq.o
 .ARM.attributes
                0x00000374       0x39 Middlewares/ST/STM32_USB_Device_Library/Core/Src/usbd_ioreq.o
 .ARM.attributes
                0x000003ad       0x39 Src/adc.o
 .ARM.attributes
                0x000003e6       0x39 Src/can.o
 .ARM.attributes
                0x0000041f       0x39 Src/gpio.o
 .ARM.attributes
                0x00000458       0x39 Src/main.o
 .ARM.attributes
                0x00000491       0x39 Src/stm32f3xx_hal_msp.o
 .ARM.attributes
                0x000004ca       0x39 Src/stm32f3xx_it.o
 .ARM.attributes
                0x00000503       0x39 Src/system_stm32f3xx.o
 .ARM.attributes
                0x0000053c       0x39 Src/tim.o
 .ARM.attributes
                0x00000575       0x39 Src/usb_device.o
 .ARM.attributes
                0x000005ae       0x39 Src/usbd_cdc_if.o
 .ARM.attributes
                0x000005e7       0x39 Src/usbd_conf.o
 .ARM.attributes
                0x00000620       0x39 Src/usbd_desc.o
 .ARM.attributes
                0x00000659       0x21 startup/startup_stm32f303xc.o
 .ARM.attributes
                0x0000067a       0x22 c:/ac6/systemworkbench/plugins/fr.ac6.mcu.externaltools.arm-none.win32_1.15.0.201708311556/tools/compiler/bin/../lib/gcc/arm-none-eabi/6.3.1/thumb/v7e-m/fpv4-sp/hard\libgcc.a(_arm_addsubdf3.o)
 .ARM.attributes
                0x0000069c       0x22 c:/ac6/systemworkbench/plugins/fr.ac6.mcu.externaltools.arm-none.win32_1.15.0.201708311556/tools/compiler/bin/../lib/gcc/arm-none-eabi/6.3.1/thumb/v7e-m/fpv4-sp/hard\libgcc.a(_arm_muldivdf3.o)
 .ARM.attributes
                0x000006be       0x22 c:/ac6/systemworkbench/plugins/fr.ac6.mcu.externaltools.arm-none.win32_1.15.0.201708311556/tools/compiler/bin/../lib/gcc/arm-none-eabi/6.3.1/thumb/v7e-m/fpv4-sp/hard\libgcc.a(_arm_truncdfsf2.o)
 .ARM.attributes
                0x000006e0       0x34 c:/ac6/systemworkbench/plugins/fr.ac6.mcu.externaltools.arm-none.win32_1.15.0.201708311556/tools/compiler/bin/../lib/gcc/arm-none-eabi/6.3.1/../../../../arm-none-eabi/lib/thumb/v7e-m/fpv4-sp/hard\libc_nano.a(lib_a-init.o)
 .ARM.attributes
                0x00000714       0x22 c:/ac6/systemworkbench/plugins/fr.ac6.mcu.externaltools.arm-none.win32_1.15.0.201708311556/tools/compiler/bin/../lib/gcc/arm-none-eabi/6.3.1/thumb/v7e-m/fpv4-sp/hard/crtn.o
OUTPUT(SteeringPWM.elf elf32-littlearm)

.debug_info     0x00000000    0x250be
 .debug_info    0x00000000     0x10b0 Drivers/STM32F3xx_HAL_Driver/Src/stm32f3xx_hal.o
 .debug_info    0x000010b0     0x22a1 Drivers/STM32F3xx_HAL_Driver/Src/stm32f3xx_hal_adc_ex.o
 .debug_info    0x00003351     0x14a2 Drivers/STM32F3xx_HAL_Driver/Src/stm32f3xx_hal_can.o
 .debug_info    0x000047f3     0x16c6 Drivers/STM32F3xx_HAL_Driver/Src/stm32f3xx_hal_cortex.o
 .debug_info    0x00005eb9      0xef8 Drivers/STM32F3xx_HAL_Driver/Src/stm32f3xx_hal_gpio.o
 .debug_info    0x00006db1     0x1a21 Drivers/STM32F3xx_HAL_Driver/Src/stm32f3xx_hal_pcd.o
 .debug_info    0x000087d2      0xf10 Drivers/STM32F3xx_HAL_Driver/Src/stm32f3xx_hal_pcd_ex.o
 .debug_info    0x000096e2     0x1b56 Drivers/STM32F3xx_HAL_Driver/Src/stm32f3xx_hal_rcc.o
 .debug_info    0x0000b238     0x1041 Drivers/STM32F3xx_HAL_Driver/Src/stm32f3xx_hal_rcc_ex.o
 .debug_info    0x0000c279     0x4065 Drivers/STM32F3xx_HAL_Driver/Src/stm32f3xx_hal_tim.o
 .debug_info    0x000102de     0x1f2c Drivers/STM32F3xx_HAL_Driver/Src/stm32f3xx_hal_tim_ex.o
 .debug_info    0x0001220a     0x1583 Middlewares/ST/STM32_USB_Device_Library/Class/CDC/Src/usbd_cdc.o
 .debug_info    0x0001378d     0x148a Middlewares/ST/STM32_USB_Device_Library/Core/Src/usbd_core.o
 .debug_info    0x00014c17     0x161d Middlewares/ST/STM32_USB_Device_Library/Core/Src/usbd_ctlreq.o
 .debug_info    0x00016234      0xfd9 Middlewares/ST/STM32_USB_Device_Library/Core/Src/usbd_ioreq.o
 .debug_info    0x0001720d     0x1402 Src/adc.o
 .debug_info    0x0001860f     0x126f Src/can.o
 .debug_info    0x0001987e      0xc24 Src/gpio.o
 .debug_info    0x0001a4a2     0x221c Src/main.o
 .debug_info    0x0001c6be      0xcfc Src/stm32f3xx_hal_msp.o
 .debug_info    0x0001d3ba      0xdfa Src/stm32f3xx_it.o
 .debug_info    0x0001e1b4      0xc34 Src/system_stm32f3xx.o
 .debug_info    0x0001ede8     0x12d5 Src/tim.o
 .debug_info    0x000200bd      0xe94 Src/usb_device.o
 .debug_info    0x00020f51     0x10b5 Src/usbd_cdc_if.o
 .debug_info    0x00022006     0x22ba Src/usbd_conf.o
 .debug_info    0x000242c0      0xd8e Src/usbd_desc.o
 .debug_info    0x0002504e       0x70 startup/startup_stm32f303xc.o

.debug_abbrev   0x00000000     0x502d
 .debug_abbrev  0x00000000      0x334 Drivers/STM32F3xx_HAL_Driver/Src/stm32f3xx_hal.o
 .debug_abbrev  0x00000334      0x392 Drivers/STM32F3xx_HAL_Driver/Src/stm32f3xx_hal_adc_ex.o
 .debug_abbrev  0x000006c6      0x346 Drivers/STM32F3xx_HAL_Driver/Src/stm32f3xx_hal_can.o
 .debug_abbrev  0x00000a0c      0x3a9 Drivers/STM32F3xx_HAL_Driver/Src/stm32f3xx_hal_cortex.o
 .debug_abbrev  0x00000db5      0x2b2 Drivers/STM32F3xx_HAL_Driver/Src/stm32f3xx_hal_gpio.o
 .debug_abbrev  0x00001067      0x410 Drivers/STM32F3xx_HAL_Driver/Src/stm32f3xx_hal_pcd.o
 .debug_abbrev  0x00001477      0x275 Drivers/STM32F3xx_HAL_Driver/Src/stm32f3xx_hal_pcd_ex.o
 .debug_abbrev  0x000016ec      0x38f Drivers/STM32F3xx_HAL_Driver/Src/stm32f3xx_hal_rcc.o
 .debug_abbrev  0x00001a7b      0x35a Drivers/STM32F3xx_HAL_Driver/Src/stm32f3xx_hal_rcc_ex.o
 .debug_abbrev  0x00001dd5      0x3fe Drivers/STM32F3xx_HAL_Driver/Src/stm32f3xx_hal_tim.o
 .debug_abbrev  0x000021d3      0x392 Drivers/STM32F3xx_HAL_Driver/Src/stm32f3xx_hal_tim_ex.o
 .debug_abbrev  0x00002565      0x312 Middlewares/ST/STM32_USB_Device_Library/Class/CDC/Src/usbd_cdc.o
 .debug_abbrev  0x00002877      0x341 Middlewares/ST/STM32_USB_Device_Library/Core/Src/usbd_core.o
 .debug_abbrev  0x00002bb8      0x3d3 Middlewares/ST/STM32_USB_Device_Library/Core/Src/usbd_ctlreq.o
 .debug_abbrev  0x00002f8b      0x213 Middlewares/ST/STM32_USB_Device_Library/Core/Src/usbd_ioreq.o
 .debug_abbrev  0x0000319e      0x272 Src/adc.o
 .debug_abbrev  0x00003410      0x27e Src/can.o
 .debug_abbrev  0x0000368e      0x232 Src/gpio.o
 .debug_abbrev  0x000038c0      0x2fb Src/main.o
 .debug_abbrev  0x00003bbb      0x230 Src/stm32f3xx_hal_msp.o
 .debug_abbrev  0x00003deb      0x259 Src/stm32f3xx_it.o
 .debug_abbrev  0x00004044      0x205 Src/system_stm32f3xx.o
 .debug_abbrev  0x00004249      0x2ed Src/tim.o
 .debug_abbrev  0x00004536      0x219 Src/usb_device.o
 .debug_abbrev  0x0000474f      0x2e4 Src/usbd_cdc_if.o
 .debug_abbrev  0x00004a33      0x334 Src/usbd_conf.o
 .debug_abbrev  0x00004d67      0x2b4 Src/usbd_desc.o
 .debug_abbrev  0x0000501b       0x12 startup/startup_stm32f303xc.o

.debug_loc      0x00000000     0xe360
 .debug_loc     0x00000000      0x10d Drivers/STM32F3xx_HAL_Driver/Src/stm32f3xx_hal.o
 .debug_loc     0x0000010d     0x1ebb Drivers/STM32F3xx_HAL_Driver/Src/stm32f3xx_hal_adc_ex.o
 .debug_loc     0x00001fc8      0x8c8 Drivers/STM32F3xx_HAL_Driver/Src/stm32f3xx_hal_can.o
 .debug_loc     0x00002890      0x63a Drivers/STM32F3xx_HAL_Driver/Src/stm32f3xx_hal_cortex.o
 .debug_loc     0x00002eca      0x3af Drivers/STM32F3xx_HAL_Driver/Src/stm32f3xx_hal_gpio.o
 .debug_loc     0x00003279     0x1365 Drivers/STM32F3xx_HAL_Driver/Src/stm32f3xx_hal_pcd.o
 .debug_loc     0x000045de      0x3d4 Drivers/STM32F3xx_HAL_Driver/Src/stm32f3xx_hal_pcd_ex.o
 .debug_loc     0x000049b2      0x8fd Drivers/STM32F3xx_HAL_Driver/Src/stm32f3xx_hal_rcc.o
 .debug_loc     0x000052af      0x8a8 Drivers/STM32F3xx_HAL_Driver/Src/stm32f3xx_hal_rcc_ex.o
 .debug_loc     0x00005b57     0x48fd Drivers/STM32F3xx_HAL_Driver/Src/stm32f3xx_hal_tim.o
 .debug_loc     0x0000a454     0x164c Drivers/STM32F3xx_HAL_Driver/Src/stm32f3xx_hal_tim_ex.o
 .debug_loc     0x0000baa0      0x542 Middlewares/ST/STM32_USB_Device_Library/Class/CDC/Src/usbd_cdc.o
 .debug_loc     0x0000bfe2      0x727 Middlewares/ST/STM32_USB_Device_Library/Core/Src/usbd_core.o
 .debug_loc     0x0000c709      0xb3a Middlewares/ST/STM32_USB_Device_Library/Core/Src/usbd_ctlreq.o
 .debug_loc     0x0000d243      0x23c Middlewares/ST/STM32_USB_Device_Library/Core/Src/usbd_ioreq.o
 .debug_loc     0x0000d47f       0x8d Src/adc.o
 .debug_loc     0x0000d50c       0x42 Src/can.o
 .debug_loc     0x0000d54e      0x109 Src/system_stm32f3xx.o
 .debug_loc     0x0000d657       0x49 Src/tim.o
 .debug_loc     0x0000d6a0       0xff Src/usbd_cdc_if.o
 .debug_loc     0x0000d79f      0x94e Src/usbd_conf.o
 .debug_loc     0x0000e0ed      0x273 Src/usbd_desc.o

.debug_aranges  0x00000000      0xe28
 .debug_aranges
                0x00000000       0xd8 Drivers/STM32F3xx_HAL_Driver/Src/stm32f3xx_hal.o
 .debug_aranges
                0x000000d8      0x150 Drivers/STM32F3xx_HAL_Driver/Src/stm32f3xx_hal_adc_ex.o
 .debug_aranges
                0x00000228       0x88 Drivers/STM32F3xx_HAL_Driver/Src/stm32f3xx_hal_can.o
 .debug_aranges
                0x000002b0       0xa8 Drivers/STM32F3xx_HAL_Driver/Src/stm32f3xx_hal_cortex.o
 .debug_aranges
                0x00000358       0x58 Drivers/STM32F3xx_HAL_Driver/Src/stm32f3xx_hal_gpio.o
 .debug_aranges
                0x000003b0       0xc0 Drivers/STM32F3xx_HAL_Driver/Src/stm32f3xx_hal_pcd.o
 .debug_aranges
                0x00000470       0x38 Drivers/STM32F3xx_HAL_Driver/Src/stm32f3xx_hal_pcd_ex.o
 .debug_aranges
                0x000004a8       0x88 Drivers/STM32F3xx_HAL_Driver/Src/stm32f3xx_hal_rcc.o
 .debug_aranges
                0x00000530       0x30 Drivers/STM32F3xx_HAL_Driver/Src/stm32f3xx_hal_rcc_ex.o
 .debug_aranges
                0x00000560      0x268 Drivers/STM32F3xx_HAL_Driver/Src/stm32f3xx_hal_tim.o
 .debug_aranges
                0x000007c8      0x118 Drivers/STM32F3xx_HAL_Driver/Src/stm32f3xx_hal_tim_ex.o
 .debug_aranges
                0x000008e0       0x90 Middlewares/ST/STM32_USB_Device_Library/Class/CDC/Src/usbd_cdc.o
 .debug_aranges
                0x00000970       0xa8 Middlewares/ST/STM32_USB_Device_Library/Core/Src/usbd_core.o
 .debug_aranges
                0x00000a18       0x48 Middlewares/ST/STM32_USB_Device_Library/Core/Src/usbd_ctlreq.o
 .debug_aranges
                0x00000a60       0x50 Middlewares/ST/STM32_USB_Device_Library/Core/Src/usbd_ioreq.o
 .debug_aranges
                0x00000ab0       0x38 Src/adc.o
 .debug_aranges
                0x00000ae8       0x30 Src/can.o
 .debug_aranges
                0x00000b18       0x20 Src/gpio.o
 .debug_aranges
                0x00000b38       0x30 Src/main.o
 .debug_aranges
                0x00000b68       0x20 Src/stm32f3xx_hal_msp.o
 .debug_aranges
                0x00000b88       0x50 Src/stm32f3xx_it.o
 .debug_aranges
                0x00000bd8       0x28 Src/system_stm32f3xx.o
 .debug_aranges
                0x00000c00       0x40 Src/tim.o
 .debug_aranges
                0x00000c40       0x20 Src/usb_device.o
 .debug_aranges
                0x00000c60       0x40 Src/usbd_cdc_if.o
 .debug_aranges
                0x00000ca0      0x110 Src/usbd_conf.o
 .debug_aranges
                0x00000db0       0x50 Src/usbd_desc.o
 .debug_aranges
                0x00000e00       0x28 startup/startup_stm32f303xc.o

.debug_ranges   0x00000000     0x1600
 .debug_ranges  0x00000000       0xc8 Drivers/STM32F3xx_HAL_Driver/Src/stm32f3xx_hal.o
 .debug_ranges  0x000000c8      0x140 Drivers/STM32F3xx_HAL_Driver/Src/stm32f3xx_hal_adc_ex.o
 .debug_ranges  0x00000208       0x90 Drivers/STM32F3xx_HAL_Driver/Src/stm32f3xx_hal_can.o
 .debug_ranges  0x00000298      0x160 Drivers/STM32F3xx_HAL_Driver/Src/stm32f3xx_hal_cortex.o
 .debug_ranges  0x000003f8       0x60 Drivers/STM32F3xx_HAL_Driver/Src/stm32f3xx_hal_gpio.o
 .debug_ranges  0x00000458      0x1e8 Drivers/STM32F3xx_HAL_Driver/Src/stm32f3xx_hal_pcd.o
 .debug_ranges  0x00000640       0x28 Drivers/STM32F3xx_HAL_Driver/Src/stm32f3xx_hal_pcd_ex.o
 .debug_ranges  0x00000668      0x270 Drivers/STM32F3xx_HAL_Driver/Src/stm32f3xx_hal_rcc.o
 .debug_ranges  0x000008d8       0xf8 Drivers/STM32F3xx_HAL_Driver/Src/stm32f3xx_hal_rcc_ex.o
 .debug_ranges  0x000009d0      0x4e0 Drivers/STM32F3xx_HAL_Driver/Src/stm32f3xx_hal_tim.o
 .debug_ranges  0x00000eb0      0x108 Drivers/STM32F3xx_HAL_Driver/Src/stm32f3xx_hal_tim_ex.o
 .debug_ranges  0x00000fb8       0x80 Middlewares/ST/STM32_USB_Device_Library/Class/CDC/Src/usbd_cdc.o
 .debug_ranges  0x00001038       0x98 Middlewares/ST/STM32_USB_Device_Library/Core/Src/usbd_core.o
 .debug_ranges  0x000010d0       0xe8 Middlewares/ST/STM32_USB_Device_Library/Core/Src/usbd_ctlreq.o
 .debug_ranges  0x000011b8       0x40 Middlewares/ST/STM32_USB_Device_Library/Core/Src/usbd_ioreq.o
 .debug_ranges  0x000011f8       0x70 Src/adc.o
 .debug_ranges  0x00001268       0x50 Src/can.o
 .debug_ranges  0x000012b8       0x50 Src/gpio.o
 .debug_ranges  0x00001308       0x50 Src/main.o
 .debug_ranges  0x00001358       0x38 Src/stm32f3xx_hal_msp.o
 .debug_ranges  0x00001390       0x40 Src/stm32f3xx_it.o
 .debug_ranges  0x000013d0       0x18 Src/system_stm32f3xx.o
 .debug_ranges  0x000013e8       0x60 Src/tim.o
 .debug_ranges  0x00001448       0x10 Src/usb_device.o
 .debug_ranges  0x00001458       0x30 Src/usbd_cdc_if.o
 .debug_ranges  0x00001488      0x118 Src/usbd_conf.o
 .debug_ranges  0x000015a0       0x40 Src/usbd_desc.o
 .debug_ranges  0x000015e0       0x20 startup/startup_stm32f303xc.o

.debug_macro    0x00000000    0x1f260
 .debug_macro   0x00000000      0x361 Drivers/STM32F3xx_HAL_Driver/Src/stm32f3xx_hal.o
 .debug_macro   0x00000361      0x8bc Drivers/STM32F3xx_HAL_Driver/Src/stm32f3xx_hal.o
 .debug_macro   0x00000c1d       0x10 Drivers/STM32F3xx_HAL_Driver/Src/stm32f3xx_hal.o
 .debug_macro   0x00000c2d       0xb1 Drivers/STM32F3xx_HAL_Driver/Src/stm32f3xx_hal.o
 .debug_macro   0x00000cde       0x2f Drivers/STM32F3xx_HAL_Driver/Src/stm32f3xx_hal.o
 .debug_macro   0x00000d0d       0x28 Drivers/STM32F3xx_HAL_Driver/Src/stm32f3xx_hal.o
 .debug_macro   0x00000d35       0x22 Drivers/STM32F3xx_HAL_Driver/Src/stm32f3xx_hal.o
 .debug_macro   0x00000d57       0x87 Drivers/STM32F3xx_HAL_Driver/Src/stm32f3xx_hal.o
 .debug_macro   0x00000dde       0x51 Drivers/STM32F3xx_HAL_Driver/Src/stm32f3xx_hal.o
 .debug_macro   0x00000e2f       0xef Drivers/STM32F3xx_HAL_Driver/Src/stm32f3xx_hal.o
 .debug_macro   0x00000f1e       0x6a Drivers/STM32F3xx_HAL_Driver/Src/stm32f3xx_hal.o
 .debug_macro   0x00000f88      0x1df Drivers/STM32F3xx_HAL_Driver/Src/stm32f3xx_hal.o
 .debug_macro   0x00001167       0x35 Drivers/STM32F3xx_HAL_Driver/Src/stm32f3xx_hal.o
 .debug_macro   0x0000119c       0x50 Drivers/STM32F3xx_HAL_Driver/Src/stm32f3xx_hal.o
 .debug_macro   0x000011ec      0xe66 Drivers/STM32F3xx_HAL_Driver/Src/stm32f3xx_hal.o
 .debug_macro   0x00002052    0x12a56 Drivers/STM32F3xx_HAL_Driver/Src/stm32f3xx_hal.o
 .debug_macro   0x00014aa8       0x43 Drivers/STM32F3xx_HAL_Driver/Src/stm32f3xx_hal.o
 .debug_macro   0x00014aeb       0x58 Drivers/STM32F3xx_HAL_Driver/Src/stm32f3xx_hal.o
 .debug_macro   0x00014b43       0x35 Drivers/STM32F3xx_HAL_Driver/Src/stm32f3xx_hal.o
 .debug_macro   0x00014b78       0x9c Drivers/STM32F3xx_HAL_Driver/Src/stm32f3xx_hal.o
 .debug_macro   0x00014c14       0x16 Drivers/STM32F3xx_HAL_Driver/Src/stm32f3xx_hal.o
 .debug_macro   0x00014c2a       0x97 Drivers/STM32F3xx_HAL_Driver/Src/stm32f3xx_hal.o
 .debug_macro   0x00014cc1      0x330 Drivers/STM32F3xx_HAL_Driver/Src/stm32f3xx_hal.o
 .debug_macro   0x00014ff1       0xfd Drivers/STM32F3xx_HAL_Driver/Src/stm32f3xx_hal.o
 .debug_macro   0x000150ee       0x10 Drivers/STM32F3xx_HAL_Driver/Src/stm32f3xx_hal.o
 .debug_macro   0x000150fe       0x58 Drivers/STM32F3xx_HAL_Driver/Src/stm32f3xx_hal.o
 .debug_macro   0x00015156       0x1f Drivers/STM32F3xx_HAL_Driver/Src/stm32f3xx_hal.o
 .debug_macro   0x00015175       0x43 Drivers/STM32F3xx_HAL_Driver/Src/stm32f3xx_hal.o
 .debug_macro   0x000151b8       0x20 Drivers/STM32F3xx_HAL_Driver/Src/stm32f3xx_hal.o
 .debug_macro   0x000151d8      0x187 Drivers/STM32F3xx_HAL_Driver/Src/stm32f3xx_hal.o
 .debug_macro   0x0001535f       0x10 Drivers/STM32F3xx_HAL_Driver/Src/stm32f3xx_hal.o
 .debug_macro   0x0001536f       0x1c Drivers/STM32F3xx_HAL_Driver/Src/stm32f3xx_hal.o
 .debug_macro   0x0001538b       0x52 Drivers/STM32F3xx_HAL_Driver/Src/stm32f3xx_hal.o
 .debug_macro   0x000153dd       0x40 Drivers/STM32F3xx_HAL_Driver/Src/stm32f3xx_hal.o
 .debug_macro   0x0001541d       0x10 Drivers/STM32F3xx_HAL_Driver/Src/stm32f3xx_hal.o
 .debug_macro   0x0001542d       0x40 Drivers/STM32F3xx_HAL_Driver/Src/stm32f3xx_hal.o
 .debug_macro   0x0001546d       0xd7 Drivers/STM32F3xx_HAL_Driver/Src/stm32f3xx_hal.o
 .debug_macro   0x00015544       0x16 Drivers/STM32F3xx_HAL_Driver/Src/stm32f3xx_hal.o
 .debug_macro   0x0001555a      0x18b Drivers/STM32F3xx_HAL_Driver/Src/stm32f3xx_hal.o
 .debug_macro   0x000156e5       0x49 Drivers/STM32F3xx_HAL_Driver/Src/stm32f3xx_hal.o
 .debug_macro   0x0001572e      0x968 Drivers/STM32F3xx_HAL_Driver/Src/stm32f3xx_hal.o
 .debug_macro   0x00016096      0x5fe Drivers/STM32F3xx_HAL_Driver/Src/stm32f3xx_hal.o
 .debug_macro   0x00016694      0x13a Drivers/STM32F3xx_HAL_Driver/Src/stm32f3xx_hal.o
 .debug_macro   0x000167ce      0x1fb Drivers/STM32F3xx_HAL_Driver/Src/stm32f3xx_hal.o
 .debug_macro   0x000169c9      0x1bc Drivers/STM32F3xx_HAL_Driver/Src/stm32f3xx_hal.o
 .debug_macro   0x00016b85       0x31 Drivers/STM32F3xx_HAL_Driver/Src/stm32f3xx_hal.o
 .debug_macro   0x00016bb6       0x3c Drivers/STM32F3xx_HAL_Driver/Src/stm32f3xx_hal.o
 .debug_macro   0x00016bf2      0x23a Drivers/STM32F3xx_HAL_Driver/Src/stm32f3xx_hal.o
 .debug_macro   0x00016e2c      0x9b8 Drivers/STM32F3xx_HAL_Driver/Src/stm32f3xx_hal.o
 .debug_macro   0x000177e4       0x77 Drivers/STM32F3xx_HAL_Driver/Src/stm32f3xx_hal.o
 .debug_macro   0x0001785b      0x391 Drivers/STM32F3xx_HAL_Driver/Src/stm32f3xx_hal.o
 .debug_macro   0x00017bec       0xcb Drivers/STM32F3xx_HAL_Driver/Src/stm32f3xx_hal.o
 .debug_macro   0x00017cb7      0x22b Drivers/STM32F3xx_HAL_Driver/Src/stm32f3xx_hal.o
 .debug_macro   0x00017ee2      0x209 Drivers/STM32F3xx_HAL_Driver/Src/stm32f3xx_hal.o
 .debug_macro   0x000180eb       0x5b Drivers/STM32F3xx_HAL_Driver/Src/stm32f3xx_hal.o
 .debug_macro   0x00018146       0x90 Drivers/STM32F3xx_HAL_Driver/Src/stm32f3xx_hal.o
 .debug_macro   0x000181d6       0x28 Drivers/STM32F3xx_HAL_Driver/Src/stm32f3xx_hal.o
 .debug_macro   0x000181fe      0x265 Drivers/STM32F3xx_HAL_Driver/Src/stm32f3xx_hal.o
 .debug_macro   0x00018463       0x82 Drivers/STM32F3xx_HAL_Driver/Src/stm32f3xx_hal.o
 .debug_macro   0x000184e5       0xd3 Drivers/STM32F3xx_HAL_Driver/Src/stm32f3xx_hal.o
 .debug_macro   0x000185b8      0x6af Drivers/STM32F3xx_HAL_Driver/Src/stm32f3xx_hal.o
 .debug_macro   0x00018c67      0x38a Drivers/STM32F3xx_HAL_Driver/Src/stm32f3xx_hal.o
 .debug_macro   0x00018ff1      0x277 Drivers/STM32F3xx_HAL_Driver/Src/stm32f3xx_hal.o
 .debug_macro   0x00019268      0x367 Drivers/STM32F3xx_HAL_Driver/Src/stm32f3xx_hal_adc_ex.o
 .debug_macro   0x000195cf      0x344 Drivers/STM32F3xx_HAL_Driver/Src/stm32f3xx_hal_can.o
 .debug_macro   0x00019913      0x33d Drivers/STM32F3xx_HAL_Driver/Src/stm32f3xx_hal_cortex.o
 .debug_macro   0x00019c50      0x375 Drivers/STM32F3xx_HAL_Driver/Src/stm32f3xx_hal_gpio.o
 .debug_macro   0x00019fc5      0x343 Drivers/STM32F3xx_HAL_Driver/Src/stm32f3xx_hal_pcd.o
 .debug_macro   0x0001a308      0x33d Drivers/STM32F3xx_HAL_Driver/Src/stm32f3xx_hal_pcd_ex.o
 .debug_macro   0x0001a645      0x361 Drivers/STM32F3xx_HAL_Driver/Src/stm32f3xx_hal_rcc.o
 .debug_macro   0x0001a9a6      0x33d Drivers/STM32F3xx_HAL_Driver/Src/stm32f3xx_hal_rcc_ex.o
 .debug_macro   0x0001ace3      0x33d Drivers/STM32F3xx_HAL_Driver/Src/stm32f3xx_hal_tim.o
 .debug_macro   0x0001b020      0x349 Drivers/STM32F3xx_HAL_Driver/Src/stm32f3xx_hal_tim_ex.o
 .debug_macro   0x0001b369      0x3f3 Middlewares/ST/STM32_USB_Device_Library/Class/CDC/Src/usbd_cdc.o
 .debug_macro   0x0001b75c       0x52 Middlewares/ST/STM32_USB_Device_Library/Class/CDC/Src/usbd_cdc.o
 .debug_macro   0x0001b7ae       0x8d Middlewares/ST/STM32_USB_Device_Library/Class/CDC/Src/usbd_cdc.o
 .debug_macro   0x0001b83b       0x57 Middlewares/ST/STM32_USB_Device_Library/Class/CDC/Src/usbd_cdc.o
 .debug_macro   0x0001b892       0x16 Middlewares/ST/STM32_USB_Device_Library/Class/CDC/Src/usbd_cdc.o
 .debug_macro   0x0001b8a8       0x35 Middlewares/ST/STM32_USB_Device_Library/Class/CDC/Src/usbd_cdc.o
 .debug_macro   0x0001b8dd       0x16 Middlewares/ST/STM32_USB_Device_Library/Class/CDC/Src/usbd_cdc.o
 .debug_macro   0x0001b8f3       0x29 Middlewares/ST/STM32_USB_Device_Library/Class/CDC/Src/usbd_cdc.o
 .debug_macro   0x0001b91c       0x16 Middlewares/ST/STM32_USB_Device_Library/Class/CDC/Src/usbd_cdc.o
 .debug_macro   0x0001b932       0x64 Middlewares/ST/STM32_USB_Device_Library/Class/CDC/Src/usbd_cdc.o
 .debug_macro   0x0001b996      0x1c3 Middlewares/ST/STM32_USB_Device_Library/Class/CDC/Src/usbd_cdc.o
 .debug_macro   0x0001bb59       0x83 Middlewares/ST/STM32_USB_Device_Library/Class/CDC/Src/usbd_cdc.o
 .debug_macro   0x0001bbdc      0x3da Middlewares/ST/STM32_USB_Device_Library/Core/Src/usbd_core.o
 .debug_macro   0x0001bfb6      0x3da Middlewares/ST/STM32_USB_Device_Library/Core/Src/usbd_ctlreq.o
 .debug_macro   0x0001c390      0x3d6 Middlewares/ST/STM32_USB_Device_Library/Core/Src/usbd_ioreq.o
 .debug_macro   0x0001c766      0x351 Src/adc.o
 .debug_macro   0x0001cab7      0x351 Src/can.o
 .debug_macro   0x0001ce08      0x347 Src/gpio.o
 .debug_macro   0x0001d14f      0x3f0 Src/main.o
 .debug_macro   0x0001d53f      0x33d Src/stm32f3xx_hal_msp.o
 .debug_macro   0x0001d87c      0x347 Src/stm32f3xx_it.o
 .debug_macro   0x0001dbc3      0x343 Src/system_stm32f3xx.o
 .debug_macro   0x0001df06      0x347 Src/tim.o
 .debug_macro   0x0001e24d      0x411 Src/usb_device.o
 .debug_macro   0x0001e65e      0x3fb Src/usbd_cdc_if.o
 .debug_macro   0x0001ea59      0x3f3 Src/usbd_conf.o
 .debug_macro   0x0001ee4c      0x414 Src/usbd_desc.o

.debug_line     0x00000000    0x12f3f
 .debug_line    0x00000000      0x97e Drivers/STM32F3xx_HAL_Driver/Src/stm32f3xx_hal.o
 .debug_line    0x0000097e     0x1aa1 Drivers/STM32F3xx_HAL_Driver/Src/stm32f3xx_hal_adc_ex.o
 .debug_line    0x0000241f      0xdea Drivers/STM32F3xx_HAL_Driver/Src/stm32f3xx_hal_can.o
 .debug_line    0x00003209      0x9fb Drivers/STM32F3xx_HAL_Driver/Src/stm32f3xx_hal_cortex.o
 .debug_line    0x00003c04      0x97b Drivers/STM32F3xx_HAL_Driver/Src/stm32f3xx_hal_gpio.o
 .debug_line    0x0000457f      0xcfd Drivers/STM32F3xx_HAL_Driver/Src/stm32f3xx_hal_pcd.o
 .debug_line    0x0000527c      0x83f Drivers/STM32F3xx_HAL_Driver/Src/stm32f3xx_hal_pcd_ex.o
 .debug_line    0x00005abb      0xdb2 Drivers/STM32F3xx_HAL_Driver/Src/stm32f3xx_hal_rcc.o
 .debug_line    0x0000686d      0xa4c Drivers/STM32F3xx_HAL_Driver/Src/stm32f3xx_hal_rcc_ex.o
 .debug_line    0x000072b9     0x1b9a Drivers/STM32F3xx_HAL_Driver/Src/stm32f3xx_hal_tim.o
 .debug_line    0x00008e53      0xf56 Drivers/STM32F3xx_HAL_Driver/Src/stm32f3xx_hal_tim_ex.o
 .debug_line    0x00009da9      0xabe Middlewares/ST/STM32_USB_Device_Library/Class/CDC/Src/usbd_cdc.o
 .debug_line    0x0000a867      0xa9e Middlewares/ST/STM32_USB_Device_Library/Core/Src/usbd_core.o
 .debug_line    0x0000b305      0xa22 Middlewares/ST/STM32_USB_Device_Library/Core/Src/usbd_ctlreq.o
 .debug_line    0x0000bd27      0x937 Middlewares/ST/STM32_USB_Device_Library/Core/Src/usbd_ioreq.o
 .debug_line    0x0000c65e      0x87d Src/adc.o
 .debug_line    0x0000cedb      0x828 Src/can.o
 .debug_line    0x0000d703      0x7c7 Src/gpio.o
 .debug_line    0x0000deca      0x929 Src/main.o
 .debug_line    0x0000e7f3      0x7b4 Src/stm32f3xx_hal_msp.o
 .debug_line    0x0000efa7      0x817 Src/stm32f3xx_it.o
 .debug_line    0x0000f7be      0x7ee Src/system_stm32f3xx.o
 .debug_line    0x0000ffac      0x82c Src/tim.o
 .debug_line    0x000107d8      0x929 Src/usb_device.o
 .debug_line    0x00011101      0x959 Src/usbd_cdc_if.o
 .debug_line    0x00011a5a      0xb60 Src/usbd_conf.o
 .debug_line    0x000125ba      0x906 Src/usbd_desc.o
 .debug_line    0x00012ec0       0x7f startup/startup_stm32f303xc.o

.debug_str      0x00000000    0xa2aa6
 .debug_str     0x00000000    0x9d2f2 Drivers/STM32F3xx_HAL_Driver/Src/stm32f3xx_hal.o
                              0x9d677 (size before relaxing)
 .debug_str     0x0009d2f2      0xcf5 Drivers/STM32F3xx_HAL_Driver/Src/stm32f3xx_hal_adc_ex.o
                              0x9db24 (size before relaxing)
 .debug_str     0x0009dfe7      0x4ce Drivers/STM32F3xx_HAL_Driver/Src/stm32f3xx_hal_can.o
                              0x9d311 (size before relaxing)
 .debug_str     0x0009e4b5      0x3b7 Drivers/STM32F3xx_HAL_Driver/Src/stm32f3xx_hal_cortex.o
                              0x9d6b6 (size before relaxing)
 .debug_str     0x0009e86c      0x2a9 Drivers/STM32F3xx_HAL_Driver/Src/stm32f3xx_hal_gpio.o
                              0x9d08e (size before relaxing)
 .debug_str     0x0009eb15      0x5d8 Drivers/STM32F3xx_HAL_Driver/Src/stm32f3xx_hal_pcd.o
                              0x9d400 (size before relaxing)
 .debug_str     0x0009f0ed       0x8c Drivers/STM32F3xx_HAL_Driver/Src/stm32f3xx_hal_pcd_ex.o
                              0x9d0e8 (size before relaxing)
 .debug_str     0x0009f179      0x3fe Drivers/STM32F3xx_HAL_Driver/Src/stm32f3xx_hal_rcc.o
                              0x9d298 (size before relaxing)
 .debug_str     0x0009f577      0x22f Drivers/STM32F3xx_HAL_Driver/Src/stm32f3xx_hal_rcc_ex.o
                              0x9d0a2 (size before relaxing)
 .debug_str     0x0009f7a6      0xf65 Drivers/STM32F3xx_HAL_Driver/Src/stm32f3xx_hal_tim.o
                              0x9df3d (size before relaxing)
 .debug_str     0x000a070b      0x5ce Drivers/STM32F3xx_HAL_Driver/Src/stm32f3xx_hal_tim_ex.o
                              0x9d9a3 (size before relaxing)
 .debug_str     0x000a0cd9     0x12ca Middlewares/ST/STM32_USB_Device_Library/Class/CDC/Src/usbd_cdc.o
                              0x9e0ed (size before relaxing)
 .debug_str     0x000a1fa3      0x29b Middlewares/ST/STM32_USB_Device_Library/Core/Src/usbd_core.o
                              0x9ddae (size before relaxing)
 .debug_str     0x000a223e      0x12e Middlewares/ST/STM32_USB_Device_Library/Core/Src/usbd_ctlreq.o
                              0x9dcc8 (size before relaxing)
 .debug_str     0x000a236c       0x51 Middlewares/ST/STM32_USB_Device_Library/Core/Src/usbd_ioreq.o
                              0x9dbf5 (size before relaxing)
 .debug_str     0x000a23bd       0x6f Src/adc.o
                              0x9d3ad (size before relaxing)
 .debug_str     0x000a242c       0x40 Src/can.o
                              0x9d29d (size before relaxing)
 .debug_str     0x000a246c       0x1b Src/gpio.o
                              0x9ce4e (size before relaxing)
 .debug_str     0x000a2487      0x133 Src/main.o
                              0x9ec5c (size before relaxing)
 .debug_str     0x000a25ba       0x1b Src/stm32f3xx_hal_msp.o
                              0x9d1f7 (size before relaxing)
 .debug_str     0x000a25d5       0xd6 Src/stm32f3xx_it.o
                              0x9d0e2 (size before relaxing)
 .debug_str     0x000a26ab       0x64 Src/system_stm32f3xx.o
                              0x9ce31 (size before relaxing)
 .debug_str     0x000a270f       0x43 Src/tim.o
                              0x9d381 (size before relaxing)
 .debug_str     0x000a2752       0x3e Src/usb_device.o
                              0x9de65 (size before relaxing)
 .debug_str     0x000a2790       0xaf Src/usbd_cdc_if.o
                              0x9df6e (size before relaxing)
 .debug_str     0x000a283f       0x46 Src/usbd_conf.o
                              0x9eb1d (size before relaxing)
 .debug_str     0x000a2885      0x221 Src/usbd_desc.o
                              0x9da8e (size before relaxing)

.comment        0x00000000       0x7f
 .comment       0x00000000       0x7f Drivers/STM32F3xx_HAL_Driver/Src/stm32f3xx_hal.o
                                 0x80 (size before relaxing)
 .comment       0x0000007f       0x80 Drivers/STM32F3xx_HAL_Driver/Src/stm32f3xx_hal_adc_ex.o
 .comment       0x0000007f       0x80 Drivers/STM32F3xx_HAL_Driver/Src/stm32f3xx_hal_can.o
 .comment       0x0000007f       0x80 Drivers/STM32F3xx_HAL_Driver/Src/stm32f3xx_hal_cortex.o
 .comment       0x0000007f       0x80 Drivers/STM32F3xx_HAL_Driver/Src/stm32f3xx_hal_gpio.o
 .comment       0x0000007f       0x80 Drivers/STM32F3xx_HAL_Driver/Src/stm32f3xx_hal_pcd.o
 .comment       0x0000007f       0x80 Drivers/STM32F3xx_HAL_Driver/Src/stm32f3xx_hal_pcd_ex.o
 .comment       0x0000007f       0x80 Drivers/STM32F3xx_HAL_Driver/Src/stm32f3xx_hal_rcc.o
 .comment       0x0000007f       0x80 Drivers/STM32F3xx_HAL_Driver/Src/stm32f3xx_hal_rcc_ex.o
 .comment       0x0000007f       0x80 Drivers/STM32F3xx_HAL_Driver/Src/stm32f3xx_hal_tim.o
 .comment       0x0000007f       0x80 Drivers/STM32F3xx_HAL_Driver/Src/stm32f3xx_hal_tim_ex.o
 .comment       0x0000007f       0x80 Middlewares/ST/STM32_USB_Device_Library/Class/CDC/Src/usbd_cdc.o
 .comment       0x0000007f       0x80 Middlewares/ST/STM32_USB_Device_Library/Core/Src/usbd_core.o
 .comment       0x0000007f       0x80 Middlewares/ST/STM32_USB_Device_Library/Core/Src/usbd_ctlreq.o
 .comment       0x0000007f       0x80 Middlewares/ST/STM32_USB_Device_Library/Core/Src/usbd_ioreq.o
 .comment       0x0000007f       0x80 Src/adc.o
 .comment       0x0000007f       0x80 Src/can.o
 .comment       0x0000007f       0x80 Src/gpio.o
 .comment       0x0000007f       0x80 Src/main.o
 .comment       0x0000007f       0x80 Src/stm32f3xx_hal_msp.o
 .comment       0x0000007f       0x80 Src/stm32f3xx_it.o
 .comment       0x0000007f       0x80 Src/system_stm32f3xx.o
 .comment       0x0000007f       0x80 Src/tim.o
 .comment       0x0000007f       0x80 Src/usb_device.o
 .comment       0x0000007f       0x80 Src/usbd_cdc_if.o
 .comment       0x0000007f       0x80 Src/usbd_conf.o
 .comment       0x0000007f       0x80 Src/usbd_desc.o

.debug_frame    0x00000000     0x2ba4
 .debug_frame   0x00000000      0x1d0 Drivers/STM32F3xx_HAL_Driver/Src/stm32f3xx_hal.o
 .debug_frame   0x000001d0      0x4f0 Drivers/STM32F3xx_HAL_Driver/Src/stm32f3xx_hal_adc_ex.o
 .debug_frame   0x000006c0      0x1f8 Drivers/STM32F3xx_HAL_Driver/Src/stm32f3xx_hal_can.o
 .debug_frame   0x000008b8      0x18c Drivers/STM32F3xx_HAL_Driver/Src/stm32f3xx_hal_cortex.o
 .debug_frame   0x00000a44       0xf8 Drivers/STM32F3xx_HAL_Driver/Src/stm32f3xx_hal_gpio.o
 .debug_frame   0x00000b3c      0x2f8 Drivers/STM32F3xx_HAL_Driver/Src/stm32f3xx_hal_pcd.o
 .debug_frame   0x00000e34       0x64 Drivers/STM32F3xx_HAL_Driver/Src/stm32f3xx_hal_pcd_ex.o
 .debug_frame   0x00000e98      0x168 Drivers/STM32F3xx_HAL_Driver/Src/stm32f3xx_hal_rcc.o
 .debug_frame   0x00001000       0xa8 Drivers/STM32F3xx_HAL_Driver/Src/stm32f3xx_hal_rcc_ex.o
 .debug_frame   0x000010a8      0x9bc Drivers/STM32F3xx_HAL_Driver/Src/stm32f3xx_hal_tim.o
 .debug_frame   0x00001a64      0x428 Drivers/STM32F3xx_HAL_Driver/Src/stm32f3xx_hal_tim_ex.o
 .debug_frame   0x00001e8c      0x150 Middlewares/ST/STM32_USB_Device_Library/Class/CDC/Src/usbd_cdc.o
 .debug_frame   0x00001fdc      0x1c0 Middlewares/ST/STM32_USB_Device_Library/Core/Src/usbd_core.o
 .debug_frame   0x0000219c       0xbc Middlewares/ST/STM32_USB_Device_Library/Core/Src/usbd_ctlreq.o
 .debug_frame   0x00002258       0xc0 Middlewares/ST/STM32_USB_Device_Library/Core/Src/usbd_ioreq.o
 .debug_frame   0x00002318       0x88 Src/adc.o
 .debug_frame   0x000023a0       0x6c Src/can.o
 .debug_frame   0x0000240c       0x30 Src/gpio.o
 .debug_frame   0x0000243c       0x74 Src/main.o
 .debug_frame   0x000024b0       0x2c Src/stm32f3xx_hal_msp.o
 .debug_frame   0x000024dc       0xbc Src/stm32f3xx_it.o
 .debug_frame   0x00002598       0x3c Src/system_stm32f3xx.o
 .debug_frame   0x000025d4       0x90 Src/tim.o
 .debug_frame   0x00002664       0x2c Src/usb_device.o
 .debug_frame   0x00002690       0x80 Src/usbd_cdc_if.o
 .debug_frame   0x00002710      0x2a0 Src/usbd_conf.o
 .debug_frame   0x000029b0       0xa8 Src/usbd_desc.o
 .debug_frame   0x00002a58       0xac c:/ac6/systemworkbench/plugins/fr.ac6.mcu.externaltools.arm-none.win32_1.15.0.201708311556/tools/compiler/bin/../lib/gcc/arm-none-eabi/6.3.1/thumb/v7e-m/fpv4-sp/hard\libgcc.a(_arm_addsubdf3.o)
 .debug_frame   0x00002b04       0x50 c:/ac6/systemworkbench/plugins/fr.ac6.mcu.externaltools.arm-none.win32_1.15.0.201708311556/tools/compiler/bin/../lib/gcc/arm-none-eabi/6.3.1/thumb/v7e-m/fpv4-sp/hard\libgcc.a(_arm_muldivdf3.o)
 .debug_frame   0x00002b54       0x24 c:/ac6/systemworkbench/plugins/fr.ac6.mcu.externaltools.arm-none.win32_1.15.0.201708311556/tools/compiler/bin/../lib/gcc/arm-none-eabi/6.3.1/thumb/v7e-m/fpv4-sp/hard\libgcc.a(_arm_truncdfsf2.o)
 .debug_frame   0x00002b78       0x2c c:/ac6/systemworkbench/plugins/fr.ac6.mcu.externaltools.arm-none.win32_1.15.0.201708311556/tools/compiler/bin/../lib/gcc/arm-none-eabi/6.3.1/../../../../arm-none-eabi/lib/thumb/v7e-m/fpv4-sp/hard\libc_nano.a(lib_a-init.o)
